2026-07-06 11:27:12 INFO  o.h.validator.internal.util.Version - HV000001: Hibernate Validator 8.0.3.Final
 2026-07-06 11:27:12 INFO  gr.aueb.cf.eduapp.EduAppApplication - Starting EduAppApplication using Java 21.0.11 with PID 40672 (started by CyberPirate in C:\Users\CyberPirate\Desktop\edu9-rest-app-pro)
 2026-07-06 11:27:12 INFO  gr.aueb.cf.eduapp.EduAppApplication - The following 1 profile is active: "dev"
 2026-07-06 11:27:12 INFO  gr.aueb.cf.eduapp.EduAppApplication - Started EduAppApplication in 0.571 seconds (process running for 1.871)
 2026-07-06 11:27:54 INFO  o.h.validator.internal.util.Version - HV000001: Hibernate Validator 8.0.3.Final
 2026-07-06 11:27:54 INFO  gr.aueb.cf.eduapp.EduAppApplication - Starting EduAppApplication using Java 21.0.11 with PID 28572 (C:\Users\CyberPirate\Desktop\edu9-rest-app-pro\build\classes\java\main started by CyberPirate in C:\Users\CyberPirate\Desktop\edu9-rest-app-pro)
 2026-07-06 11:27:54 INFO  gr.aueb.cf.eduapp.EduAppApplication - The following 1 profile is active: "dev"
 2026-07-06 11:27:56 INFO  o.s.d.r.c.RepositoryConfigurationDelegate - Bootstrapping Spring Data JPA repositories in DEFAULT mode.
 2026-07-06 11:27:56 INFO  o.s.d.r.c.RepositoryConfigurationDelegate - Finished Spring Data repository scanning in 114 ms. Found 7 JPA repository interfaces.
 2026-07-06 11:28:18 INFO  o.s.b.w.e.tomcat.TomcatWebServer - Tomcat initialized with port 8080 (http)
 2026-07-06 11:28:18 INFO  o.s.b.w.s.c.ServletWebServerApplicationContext - Root WebApplicationContext: initialization completed in 23931 ms
 2026-07-06 11:28:19 INFO  org.flywaydb.core.FlywayExecutor - Database: jdbc:mysql://localhost:3306/schoolapp9csrpro?useSSL=true&serverTimezone=UTC (MySQL 8.0)
 2026-07-06 11:28:19 INFO  o.f.core.internal.command.DbValidate - Successfully validated 4 migrations (execution time 00:00.034s)
 2026-07-06 11:28:19 INFO  o.f.core.internal.command.DbMigrate - Current version of schema `schoolapp9csrpro`: 4
 2026-07-06 11:28:19 INFO  o.f.core.internal.command.DbMigrate - Schema `schoolapp9csrpro` is up to date. No migration necessary.
 2026-07-06 11:28:20 INFO  org.hibernate.Version - HHH000412: Hibernate ORM core version 6.6.44.Final
 2026-07-06 11:28:20 INFO  o.h.c.i.RegionFactoryInitiator - HHH000026: Second-level cache disabled
 2026-07-06 11:28:20 INFO  o.s.o.j.p.SpringPersistenceUnitInfo - No LoadTimeWeaver setup: ignoring JPA class transformer
 2026-07-06 11:28:20 INFO  o.hibernate.orm.connections.pooling - HHH10001005: Database info:
	Database JDBC URL [Connecting through datasource 'HikariDataSource (HikariPool-1)']
	Database driver: undefined/unknown
	Database version: 8.0.44
	Autocommit mode: undefined/unknown
	Isolation level: undefined/unknown
	Minimum pool size: undefined/unknown
	Maximum pool size: undefined/unknown
 2026-07-06 11:28:22 INFO  o.h.e.t.j.p.i.JtaPlatformInitiator - HHH000489: No JTA platform available (set 'hibernate.transaction.jta.platform' to enable JTA platform integration)
 2026-07-06 11:28:22 INFO  o.s.o.j.LocalContainerEntityManagerFactoryBean - Initialized JPA EntityManagerFactory for persistence unit 'default'
 2026-07-06 11:28:23 INFO  o.s.s.c.a.a.c.InitializeAuthenticationProviderBeanManagerConfigurer$InitializeAuthenticationProviderManagerConfigurer - Global AuthenticationManager configured with AuthenticationProvider bean with name authenticationProvider
 2026-07-06 11:28:23 WARN  o.s.s.c.a.a.c.InitializeUserDetailsBeanManagerConfigurer$InitializeUserDetailsManagerConfigurer - Global AuthenticationManager configured with an AuthenticationProvider bean. UserDetailsService beans will not be used by Spring Security for automatically configuring username/password login. Consider removing the AuthenticationProvider bean. Alternatively, consider using the UserDetailsService in a manually instantiated DaoAuthenticationProvider. If the current configuration is intentional, to turn off this warning, increase the logging level of 'org.springframework.security.config.annotation.authentication.configuration.InitializeUserDetailsBeanManagerConfigurer' to ERROR
 2026-07-06 11:28:23 INFO  o.s.d.j.r.query.QueryEnhancerFactory - Hibernate is in classpath; If applicable, HQL parser will be used.
 2026-07-06 11:28:24 INFO  o.s.b.w.e.tomcat.TomcatWebServer - Tomcat started on port 8080 (http) with context path '/'
 2026-07-06 11:28:24 INFO  gr.aueb.cf.eduapp.EduAppApplication - Started EduAppApplication in 30.038 seconds (process running for 30.487)
 2026-07-06 11:32:18 INFO  o.s.web.servlet.DispatcherServlet - Initializing Servlet 'dispatcherServlet'
 2026-07-06 11:32:18 INFO  o.s.web.servlet.DispatcherServlet - Completed initialization in 4 ms
 2026-07-06 11:32:18 WARN  g.a.c.e.s.CustomAuthenticationEntryPoint - User not authenticated, with message=Full authentication is required to access this resource
 2026-07-06 11:33:52 INFO  o.h.validator.internal.util.Version - HV000001: Hibernate Validator 8.0.3.Final
 2026-07-06 11:33:52 INFO  gr.aueb.cf.eduapp.EduAppApplication - Starting EduAppApplication using Java 21.0.11 with PID 30012 (C:\Users\CyberPirate\Desktop\edu9-rest-app-pro\build\classes\java\main started by CyberPirate in C:\Users\CyberPirate\Desktop\edu9-rest-app-pro)
 2026-07-06 11:33:52 INFO  gr.aueb.cf.eduapp.EduAppApplication - The following 1 profile is active: "dev"
 2026-07-06 11:33:58 INFO  o.s.d.r.c.RepositoryConfigurationDelegate - Bootstrapping Spring Data JPA repositories in DEFAULT mode.
 2026-07-06 11:33:58 INFO  o.s.d.r.c.RepositoryConfigurationDelegate - Finished Spring Data repository scanning in 96 ms. Found 7 JPA repository interfaces.
 2026-07-06 11:33:59 INFO  o.s.b.w.e.tomcat.TomcatWebServer - Tomcat initialized with port 8080 (http)
 2026-07-06 11:33:59 INFO  o.s.b.w.s.c.ServletWebServerApplicationContext - Root WebApplicationContext: initialization completed in 2253 ms
 2026-07-06 11:34:00 INFO  org.flywaydb.core.FlywayExecutor - Database: jdbc:mysql://localhost:3306/schoolapp9csrpro?useSSL=true&serverTimezone=UTC (MySQL 8.0)
 2026-07-06 11:34:00 INFO  o.f.core.internal.command.DbValidate - Successfully validated 4 migrations (execution time 00:00.033s)
 2026-07-06 11:34:00 INFO  o.f.core.internal.command.DbMigrate - Current version of schema `schoolapp9csrpro`: 4
 2026-07-06 11:34:00 INFO  o.f.core.internal.command.DbMigrate - Schema `schoolapp9csrpro` is up to date. No migration necessary.
 2026-07-06 11:34:01 INFO  org.hibernate.Version - HHH000412: Hibernate ORM core version 6.6.44.Final
 2026-07-06 11:34:01 INFO  o.h.c.i.RegionFactoryInitiator - HHH000026: Second-level cache disabled
 2026-07-06 11:34:01 INFO  o.s.o.j.p.SpringPersistenceUnitInfo - No LoadTimeWeaver setup: ignoring JPA class transformer
 2026-07-06 11:34:01 INFO  o.hibernate.orm.connections.pooling - HHH10001005: Database info:
	Database JDBC URL [Connecting through datasource 'HikariDataSource (HikariPool-1)']
	Database driver: undefined/unknown
	Database version: 8.0.44
	Autocommit mode: undefined/unknown
	Isolation level: undefined/unknown
	Minimum pool size: undefined/unknown
	Maximum pool size: undefined/unknown
 2026-07-06 11:34:03 INFO  o.h.e.t.j.p.i.JtaPlatformInitiator - HHH000489: No JTA platform available (set 'hibernate.transaction.jta.platform' to enable JTA platform integration)
 2026-07-06 11:34:03 INFO  o.s.o.j.LocalContainerEntityManagerFactoryBean - Initialized JPA EntityManagerFactory for persistence unit 'default'
 2026-07-06 11:34:04 INFO  o.s.s.c.a.a.c.InitializeAuthenticationProviderBeanManagerConfigurer$InitializeAuthenticationProviderManagerConfigurer - Global AuthenticationManager configured with AuthenticationProvider bean with name authenticationProvider
 2026-07-06 11:34:04 WARN  o.s.s.c.a.a.c.InitializeUserDetailsBeanManagerConfigurer$InitializeUserDetailsManagerConfigurer - Global AuthenticationManager configured with an AuthenticationProvider bean. UserDetailsService beans will not be used by Spring Security for automatically configuring username/password login. Consider removing the AuthenticationProvider bean. Alternatively, consider using the UserDetailsService in a manually instantiated DaoAuthenticationProvider. If the current configuration is intentional, to turn off this warning, increase the logging level of 'org.springframework.security.config.annotation.authentication.configuration.InitializeUserDetailsBeanManagerConfigurer' to ERROR
 2026-07-06 11:34:04 INFO  o.s.d.j.r.query.QueryEnhancerFactory - Hibernate is in classpath; If applicable, HQL parser will be used.
 2026-07-06 11:34:05 INFO  o.s.b.w.e.tomcat.TomcatWebServer - Tomcat started on port 8080 (http) with context path '/'
 2026-07-06 11:34:05 INFO  gr.aueb.cf.eduapp.EduAppApplication - Started EduAppApplication in 13.703 seconds (process running for 14.198)
 2026-07-06 11:34:05 INFO  o.s.web.servlet.DispatcherServlet - Initializing Servlet 'dispatcherServlet'
 2026-07-06 11:34:05 INFO  o.s.web.servlet.DispatcherServlet - Completed initialization in 2 ms
 2026-07-06 11:35:23 INFO  g.a.c.eduapp.service.EligibleService - Report generated for jobId=83067fba-fa2f-4857-92e3-88ac5432fe0d, records=4
 2026-07-06 11:36:20 WARN  o.s.web.servlet.PageNotFound - Request method 'POST' is not supported
 2026-07-06 11:38:32 INFO  o.h.validator.internal.util.Version - HV000001: Hibernate Validator 8.0.3.Final
 2026-07-06 11:38:32 INFO  gr.aueb.cf.eduapp.EduAppApplication - Starting EduAppApplication using Java 21.0.11 with PID 40576 (C:\Users\CyberPirate\Desktop\edu9-rest-app-pro\build\classes\java\main started by CyberPirate in C:\Users\CyberPirate\Desktop\edu9-rest-app-pro)
 2026-07-06 11:38:32 INFO  gr.aueb.cf.eduapp.EduAppApplication - The following 1 profile is active: "dev"
 2026-07-06 11:38:33 INFO  o.s.d.r.c.RepositoryConfigurationDelegate - Bootstrapping Spring Data JPA repositories in DEFAULT mode.
 2026-07-06 11:38:34 INFO  o.s.d.r.c.RepositoryConfigurationDelegate - Finished Spring Data repository scanning in 98 ms. Found 7 JPA repository interfaces.
 2026-07-06 11:38:35 INFO  o.s.b.w.e.tomcat.TomcatWebServer - Tomcat initialized with port 8080 (http)
 2026-07-06 11:38:35 INFO  o.s.b.w.s.c.ServletWebServerApplicationContext - Root WebApplicationContext: initialization completed in 2371 ms
 2026-07-06 11:38:36 INFO  org.flywaydb.core.FlywayExecutor - Database: jdbc:mysql://localhost:3306/schoolapp9csrpro?useSSL=true&serverTimezone=UTC (MySQL 8.0)
 2026-07-06 11:38:36 INFO  o.f.core.internal.command.DbValidate - Successfully validated 4 migrations (execution time 00:00.047s)
 2026-07-06 11:38:36 INFO  o.f.core.internal.command.DbMigrate - Current version of schema `schoolapp9csrpro`: 4
 2026-07-06 11:38:36 INFO  o.f.core.internal.command.DbMigrate - Schema `schoolapp9csrpro` is up to date. No migration necessary.
 2026-07-06 11:38:36 INFO  org.hibernate.Version - HHH000412: Hibernate ORM core version 6.6.44.Final
 2026-07-06 11:38:36 INFO  o.h.c.i.RegionFactoryInitiator - HHH000026: Second-level cache disabled
 2026-07-06 11:38:36 INFO  o.s.o.j.p.SpringPersistenceUnitInfo - No LoadTimeWeaver setup: ignoring JPA class transformer
 2026-07-06 11:38:37 INFO  o.hibernate.orm.connections.pooling - HHH10001005: Database info:
	Database JDBC URL [Connecting through datasource 'HikariDataSource (HikariPool-1)']
	Database driver: undefined/unknown
	Database version: 8.0.44
	Autocommit mode: undefined/unknown
	Isolation level: undefined/unknown
	Minimum pool size: undefined/unknown
	Maximum pool size: undefined/unknown
 2026-07-06 11:38:38 INFO  o.h.e.t.j.p.i.JtaPlatformInitiator - HHH000489: No JTA platform available (set 'hibernate.transaction.jta.platform' to enable JTA platform integration)
 2026-07-06 11:38:38 INFO  o.s.o.j.LocalContainerEntityManagerFactoryBean - Initialized JPA EntityManagerFactory for persistence unit 'default'
 2026-07-06 11:38:39 INFO  o.s.s.c.a.a.c.InitializeAuthenticationProviderBeanManagerConfigurer$InitializeAuthenticationProviderManagerConfigurer - Global AuthenticationManager configured with AuthenticationProvider bean with name authenticationProvider
 2026-07-06 11:38:39 WARN  o.s.s.c.a.a.c.InitializeUserDetailsBeanManagerConfigurer$InitializeUserDetailsManagerConfigurer - Global AuthenticationManager configured with an AuthenticationProvider bean. UserDetailsService beans will not be used by Spring Security for automatically configuring username/password login. Consider removing the AuthenticationProvider bean. Alternatively, consider using the UserDetailsService in a manually instantiated DaoAuthenticationProvider. If the current configuration is intentional, to turn off this warning, increase the logging level of 'org.springframework.security.config.annotation.authentication.configuration.InitializeUserDetailsBeanManagerConfigurer' to ERROR
 2026-07-06 11:38:39 INFO  o.s.d.j.r.query.QueryEnhancerFactory - Hibernate is in classpath; If applicable, HQL parser will be used.
 2026-07-06 11:38:41 INFO  o.s.b.w.e.tomcat.TomcatWebServer - Tomcat started on port 8080 (http) with context path '/'
 2026-07-06 11:38:41 INFO  gr.aueb.cf.eduapp.EduAppApplication - Started EduAppApplication in 9.094 seconds (process running for 9.61)
 2026-07-06 11:39:19 INFO  o.s.web.servlet.DispatcherServlet - Initializing Servlet 'dispatcherServlet'
 2026-07-06 11:39:19 INFO  o.s.web.servlet.DispatcherServlet - Completed initialization in 5 ms
 2026-07-06 11:39:34 INFO  g.a.c.eduapp.service.EligibleService - Report generated for jobId=031e5f73-9b35-4133-9b5c-625fd21c363b, records=4
 