2026-05-03 20:49:47 INFO  o.h.validator.internal.util.Version - HV000001: Hibernate Validator 8.0.3.Final
 2026-05-03 20:49:47 INFO  gr.aueb.cf.eduapp.EduAppApplication - Starting EduAppApplication using Java 21.0.10 with PID 9880 (started by CyberPirate in C:\Users\CyberPirate\Desktop\edu9-rest-app-pro)
 2026-05-03 20:49:47 INFO  gr.aueb.cf.eduapp.EduAppApplication - The following 1 profile is active: "dev"
 2026-05-03 20:49:47 INFO  gr.aueb.cf.eduapp.EduAppApplication - Started EduAppApplication in 0.73 seconds (process running for 2.341)
 2026-05-03 20:50:17 INFO  o.h.validator.internal.util.Version - HV000001: Hibernate Validator 8.0.3.Final
 2026-05-03 20:50:17 INFO  gr.aueb.cf.eduapp.EduAppApplication - Starting EduAppApplication using Java 21.0.10 with PID 19468 (C:\Users\CyberPirate\Desktop\edu9-rest-app-pro\build\classes\java\main started by CyberPirate in C:\Users\CyberPirate\Desktop\edu9-rest-app-pro)
 2026-05-03 20:50:17 INFO  gr.aueb.cf.eduapp.EduAppApplication - The following 1 profile is active: "dev"
 2026-05-03 20:50:18 INFO  o.s.d.r.c.RepositoryConfigurationDelegate - Bootstrapping Spring Data JPA repositories in DEFAULT mode.
 2026-05-03 20:50:18 INFO  o.s.d.r.c.RepositoryConfigurationDelegate - Finished Spring Data repository scanning in 96 ms. Found 7 JPA repository interfaces.
 2026-05-03 20:50:19 INFO  o.s.b.w.e.tomcat.TomcatWebServer - Tomcat initialized with port 8080 (http)
 2026-05-03 20:50:19 INFO  o.s.b.w.s.c.ServletWebServerApplicationContext - Root WebApplicationContext: initialization completed in 2110 ms
 2026-05-03 20:50:20 INFO  org.flywaydb.core.FlywayExecutor - Database: jdbc:mysql://localhost:3306/schoolapp9csrpro?useSSL=true&serverTimezone=UTC (MySQL 8.0)
 2026-05-03 20:50:20 INFO  o.f.core.internal.command.DbValidate - Successfully validated 3 migrations (execution time 00:00.066s)
 2026-05-03 20:50:20 INFO  o.f.core.internal.command.DbMigrate - Current version of schema `schoolapp9csrpro`: 3
 2026-05-03 20:50:20 INFO  o.f.core.internal.command.DbMigrate - Schema `schoolapp9csrpro` is up to date. No migration necessary.
 2026-05-03 20:50:21 INFO  org.hibernate.Version - HHH000412: Hibernate ORM core version 6.6.44.Final
 2026-05-03 20:50:21 INFO  o.h.c.i.RegionFactoryInitiator - HHH000026: Second-level cache disabled
 2026-05-03 20:50:21 INFO  o.s.o.j.p.SpringPersistenceUnitInfo - No LoadTimeWeaver setup: ignoring JPA class transformer
 2026-05-03 20:50:21 INFO  o.hibernate.orm.connections.pooling - HHH10001005: Database info:
	Database JDBC URL [Connecting through datasource 'HikariDataSource (HikariPool-1)']
	Database driver: undefined/unknown
	Database version: 8.0.44
	Autocommit mode: undefined/unknown
	Isolation level: undefined/unknown
	Minimum pool size: undefined/unknown
	Maximum pool size: undefined/unknown
 2026-05-03 20:50:23 INFO  o.h.e.t.j.p.i.JtaPlatformInitiator - HHH000489: No JTA platform available (set 'hibernate.transaction.jta.platform' to enable JTA platform integration)
 2026-05-03 20:50:23 INFO  o.s.o.j.LocalContainerEntityManagerFactoryBean - Initialized JPA EntityManagerFactory for persistence unit 'default'
 2026-05-03 20:50:24 INFO  o.s.s.c.a.a.c.InitializeAuthenticationProviderBeanManagerConfigurer$InitializeAuthenticationProviderManagerConfigurer - Global AuthenticationManager configured with AuthenticationProvider bean with name authenticationProvider
 2026-05-03 20:50:24 WARN  o.s.s.c.a.a.c.InitializeUserDetailsBeanManagerConfigurer$InitializeUserDetailsManagerConfigurer - Global AuthenticationManager configured with an AuthenticationProvider bean. UserDetailsService beans will not be used by Spring Security for automatically configuring username/password login. Consider removing the AuthenticationProvider bean. Alternatively, consider using the UserDetailsService in a manually instantiated DaoAuthenticationProvider. If the current configuration is intentional, to turn off this warning, increase the logging level of 'org.springframework.security.config.annotation.authentication.configuration.InitializeUserDetailsBeanManagerConfigurer' to ERROR
 2026-05-03 20:50:25 INFO  o.s.b.w.e.tomcat.TomcatWebServer - Tomcat started on port 8080 (http) with context path '/'
 2026-05-03 20:50:25 INFO  gr.aueb.cf.eduapp.EduAppApplication - Started EduAppApplication in 8.443 seconds (process running for 8.927)
 2026-05-03 20:53:47 INFO  o.s.web.servlet.DispatcherServlet - Initializing Servlet 'dispatcherServlet'
 2026-05-03 20:53:47 INFO  o.s.web.servlet.DispatcherServlet - Completed initialization in 3 ms
 2026-05-03 20:53:48 INFO  g.aueb.cf.eduapp.service.UserService - The user with username: testUser is saved successfully
 2026-05-03 20:56:58 WARN  g.a.c.e.s.CustomAuthenticationEntryPoint - User not authenticated, with message=Full authentication is required to access this resource
 2026-05-03 20:57:05 WARN  g.a.c.e.s.CustomAuthenticationEntryPoint - User not authenticated, with message=Full authentication is required to access this resource
 2026-05-03 21:29:13 INFO  o.h.validator.internal.util.Version - HV000001: Hibernate Validator 8.0.3.Final
 2026-05-03 21:29:13 INFO  gr.aueb.cf.eduapp.EduAppApplication - Starting EduAppApplication using Java 21.0.10 with PID 3908 (C:\Users\CyberPirate\Desktop\edu9-rest-app-pro\build\classes\java\main started by CyberPirate in C:\Users\CyberPirate\Desktop\edu9-rest-app-pro)
 2026-05-03 21:29:13 INFO  gr.aueb.cf.eduapp.EduAppApplication - The following 1 profile is active: "dev"
 2026-05-03 21:29:14 INFO  o.s.d.r.c.RepositoryConfigurationDelegate - Bootstrapping Spring Data JPA repositories in DEFAULT mode.
 2026-05-03 21:29:14 INFO  o.s.d.r.c.RepositoryConfigurationDelegate - Finished Spring Data repository scanning in 54 ms. Found 7 JPA repository interfaces.
 2026-05-03 21:29:15 INFO  o.s.b.w.e.tomcat.TomcatWebServer - Tomcat initialized with port 8080 (http)
 2026-05-03 21:29:15 INFO  o.s.b.w.s.c.ServletWebServerApplicationContext - Root WebApplicationContext: initialization completed in 1762 ms
 2026-05-03 21:29:16 INFO  org.flywaydb.core.FlywayExecutor - Database: jdbc:mysql://localhost:3306/schoolapp9csrpro?useSSL=true&serverTimezone=UTC (MySQL 8.0)
 2026-05-03 21:29:16 INFO  o.f.core.internal.command.DbValidate - Successfully validated 4 migrations (execution time 00:00.059s)
 2026-05-03 21:29:16 INFO  o.f.core.internal.command.DbMigrate - Current version of schema `schoolapp9csrpro`: 3
 2026-05-03 21:29:16 INFO  o.f.core.internal.command.DbMigrate - Migrating schema `schoolapp9csrpro` to version "4 - insert view user capability to admin"
 2026-05-03 21:29:16 INFO  o.f.core.internal.command.DbMigrate - Successfully applied 1 migration to schema `schoolapp9csrpro`, now at version v4 (execution time 00:00.025s)
 2026-05-03 21:29:16 INFO  org.hibernate.Version - HHH000412: Hibernate ORM core version 6.6.44.Final
 2026-05-03 21:29:16 INFO  o.h.c.i.RegionFactoryInitiator - HHH000026: Second-level cache disabled
 2026-05-03 21:29:17 INFO  o.s.o.j.p.SpringPersistenceUnitInfo - No LoadTimeWeaver setup: ignoring JPA class transformer
 2026-05-03 21:29:17 INFO  o.hibernate.orm.connections.pooling - HHH10001005: Database info:
	Database JDBC URL [Connecting through datasource 'HikariDataSource (HikariPool-1)']
	Database driver: undefined/unknown
	Database version: 8.0.44
	Autocommit mode: undefined/unknown
	Isolation level: undefined/unknown
	Minimum pool size: undefined/unknown
	Maximum pool size: undefined/unknown
 2026-05-03 21:29:19 INFO  o.h.e.t.j.p.i.JtaPlatformInitiator - HHH000489: No JTA platform available (set 'hibernate.transaction.jta.platform' to enable JTA platform integration)
 2026-05-03 21:29:19 INFO  o.s.o.j.LocalContainerEntityManagerFactoryBean - Initialized JPA EntityManagerFactory for persistence unit 'default'
 2026-05-03 21:29:20 INFO  o.s.s.c.a.a.c.InitializeAuthenticationProviderBeanManagerConfigurer$InitializeAuthenticationProviderManagerConfigurer - Global AuthenticationManager configured with AuthenticationProvider bean with name authenticationProvider
 2026-05-03 21:29:20 WARN  o.s.s.c.a.a.c.InitializeUserDetailsBeanManagerConfigurer$InitializeUserDetailsManagerConfigurer - Global AuthenticationManager configured with an AuthenticationProvider bean. UserDetailsService beans will not be used by Spring Security for automatically configuring username/password login. Consider removing the AuthenticationProvider bean. Alternatively, consider using the UserDetailsService in a manually instantiated DaoAuthenticationProvider. If the current configuration is intentional, to turn off this warning, increase the logging level of 'org.springframework.security.config.annotation.authentication.configuration.InitializeUserDetailsBeanManagerConfigurer' to ERROR
 2026-05-03 21:29:22 INFO  o.s.b.w.e.tomcat.TomcatWebServer - Tomcat started on port 8080 (http) with context path '/'
 2026-05-03 21:29:22 INFO  gr.aueb.cf.eduapp.EduAppApplication - Started EduAppApplication in 9.268 seconds (process running for 9.664)
 2026-05-03 21:34:38 INFO  o.h.validator.internal.util.Version - HV000001: Hibernate Validator 8.0.3.Final
 2026-05-03 21:34:38 INFO  gr.aueb.cf.eduapp.EduAppApplication - Starting EduAppApplication using Java 21.0.10 with PID 17952 (C:\Users\CyberPirate\Desktop\edu9-rest-app-pro\build\classes\java\main started by CyberPirate in C:\Users\CyberPirate\Desktop\edu9-rest-app-pro)
 2026-05-03 21:34:38 INFO  gr.aueb.cf.eduapp.EduAppApplication - The following 1 profile is active: "dev"
 2026-05-03 21:34:39 INFO  o.s.d.r.c.RepositoryConfigurationDelegate - Bootstrapping Spring Data JPA repositories in DEFAULT mode.
 2026-05-03 21:34:39 INFO  o.s.d.r.c.RepositoryConfigurationDelegate - Finished Spring Data repository scanning in 51 ms. Found 7 JPA repository interfaces.
 2026-05-03 21:34:40 INFO  o.s.b.w.e.tomcat.TomcatWebServer - Tomcat initialized with port 8080 (http)
 2026-05-03 21:34:40 INFO  o.s.b.w.s.c.ServletWebServerApplicationContext - Root WebApplicationContext: initialization completed in 1928 ms
 2026-05-03 21:34:41 INFO  org.flywaydb.core.FlywayExecutor - Database: jdbc:mysql://localhost:3306/schoolapp9csrpro?useSSL=true&serverTimezone=UTC (MySQL 8.0)
 2026-05-03 21:34:41 INFO  o.f.core.internal.command.DbValidate - Successfully validated 4 migrations (execution time 00:00.046s)
 2026-05-03 21:34:41 INFO  o.f.core.internal.command.DbMigrate - Current version of schema `schoolapp9csrpro`: 4
 2026-05-03 21:34:41 INFO  o.f.core.internal.command.DbMigrate - Schema `schoolapp9csrpro` is up to date. No migration necessary.
 2026-05-03 21:34:42 INFO  org.hibernate.Version - HHH000412: Hibernate ORM core version 6.6.44.Final
 2026-05-03 21:34:42 INFO  o.h.c.i.RegionFactoryInitiator - HHH000026: Second-level cache disabled
 2026-05-03 21:34:42 INFO  o.s.o.j.p.SpringPersistenceUnitInfo - No LoadTimeWeaver setup: ignoring JPA class transformer
 2026-05-03 21:34:42 INFO  o.hibernate.orm.connections.pooling - HHH10001005: Database info:
	Database JDBC URL [Connecting through datasource 'HikariDataSource (HikariPool-1)']
	Database driver: undefined/unknown
	Database version: 8.0.44
	Autocommit mode: undefined/unknown
	Isolation level: undefined/unknown
	Minimum pool size: undefined/unknown
	Maximum pool size: undefined/unknown
 2026-05-03 21:34:44 INFO  o.h.e.t.j.p.i.JtaPlatformInitiator - HHH000489: No JTA platform available (set 'hibernate.transaction.jta.platform' to enable JTA platform integration)
 2026-05-03 21:34:44 INFO  o.s.o.j.LocalContainerEntityManagerFactoryBean - Initialized JPA EntityManagerFactory for persistence unit 'default'
 2026-05-03 21:34:45 INFO  o.s.s.c.a.a.c.InitializeAuthenticationProviderBeanManagerConfigurer$InitializeAuthenticationProviderManagerConfigurer - Global AuthenticationManager configured with AuthenticationProvider bean with name authenticationProvider
 2026-05-03 21:34:45 WARN  o.s.s.c.a.a.c.InitializeUserDetailsBeanManagerConfigurer$InitializeUserDetailsManagerConfigurer - Global AuthenticationManager configured with an AuthenticationProvider bean. UserDetailsService beans will not be used by Spring Security for automatically configuring username/password login. Consider removing the AuthenticationProvider bean. Alternatively, consider using the UserDetailsService in a manually instantiated DaoAuthenticationProvider. If the current configuration is intentional, to turn off this warning, increase the logging level of 'org.springframework.security.config.annotation.authentication.configuration.InitializeUserDetailsBeanManagerConfigurer' to ERROR
 2026-05-03 21:34:46 INFO  o.s.b.w.e.tomcat.TomcatWebServer - Tomcat started on port 8080 (http) with context path '/'
 2026-05-03 21:34:46 INFO  gr.aueb.cf.eduapp.EduAppApplication - Started EduAppApplication in 7.879 seconds (process running for 8.355)
 2026-05-03 21:35:16 INFO  o.h.validator.internal.util.Version - HV000001: Hibernate Validator 8.0.3.Final
 2026-05-03 21:35:16 INFO  gr.aueb.cf.eduapp.EduAppApplication - Starting EduAppApplication using Java 21.0.10 with PID 30404 (C:\Users\CyberPirate\Desktop\edu9-rest-app-pro\build\classes\java\main started by CyberPirate in C:\Users\CyberPirate\Desktop\edu9-rest-app-pro)
 2026-05-03 21:35:16 INFO  gr.aueb.cf.eduapp.EduAppApplication - The following 1 profile is active: "dev"
 2026-05-03 21:35:17 INFO  o.s.d.r.c.RepositoryConfigurationDelegate - Bootstrapping Spring Data JPA repositories in DEFAULT mode.
 2026-05-03 21:35:17 INFO  o.s.d.r.c.RepositoryConfigurationDelegate - Finished Spring Data repository scanning in 90 ms. Found 7 JPA repository interfaces.
 2026-05-03 21:35:18 INFO  o.s.b.w.e.tomcat.TomcatWebServer - Tomcat initialized with port 8080 (http)
 2026-05-03 21:35:18 INFO  o.s.b.w.s.c.ServletWebServerApplicationContext - Root WebApplicationContext: initialization completed in 1946 ms
 2026-05-03 21:35:19 INFO  org.flywaydb.core.FlywayExecutor - Database: jdbc:mysql://localhost:3306/schoolapp9csrpro?useSSL=true&serverTimezone=UTC (MySQL 8.0)
 2026-05-03 21:35:19 INFO  o.f.core.internal.command.DbValidate - Successfully validated 4 migrations (execution time 00:00.048s)
 2026-05-03 21:35:19 INFO  o.f.core.internal.command.DbMigrate - Current version of schema `schoolapp9csrpro`: 4
 2026-05-03 21:35:19 INFO  o.f.core.internal.command.DbMigrate - Schema `schoolapp9csrpro` is up to date. No migration necessary.
 2026-05-03 21:35:19 INFO  org.hibernate.Version - HHH000412: Hibernate ORM core version 6.6.44.Final
 2026-05-03 21:35:19 INFO  o.h.c.i.RegionFactoryInitiator - HHH000026: Second-level cache disabled
 2026-05-03 21:35:20 INFO  o.s.o.j.p.SpringPersistenceUnitInfo - No LoadTimeWeaver setup: ignoring JPA class transformer
 2026-05-03 21:35:20 INFO  o.hibernate.orm.connections.pooling - HHH10001005: Database info:
	Database JDBC URL [Connecting through datasource 'HikariDataSource (HikariPool-1)']
	Database driver: undefined/unknown
	Database version: 8.0.44
	Autocommit mode: undefined/unknown
	Isolation level: undefined/unknown
	Minimum pool size: undefined/unknown
	Maximum pool size: undefined/unknown
 2026-05-03 21:35:21 INFO  o.h.e.t.j.p.i.JtaPlatformInitiator - HHH000489: No JTA platform available (set 'hibernate.transaction.jta.platform' to enable JTA platform integration)
 2026-05-03 21:35:21 INFO  o.s.o.j.LocalContainerEntityManagerFactoryBean - Initialized JPA EntityManagerFactory for persistence unit 'default'
 2026-05-03 21:35:22 INFO  o.s.s.c.a.a.c.InitializeAuthenticationProviderBeanManagerConfigurer$InitializeAuthenticationProviderManagerConfigurer - Global AuthenticationManager configured with AuthenticationProvider bean with name authenticationProvider
 2026-05-03 21:35:22 WARN  o.s.s.c.a.a.c.InitializeUserDetailsBeanManagerConfigurer$InitializeUserDetailsManagerConfigurer - Global AuthenticationManager configured with an AuthenticationProvider bean. UserDetailsService beans will not be used by Spring Security for automatically configuring username/password login. Consider removing the AuthenticationProvider bean. Alternatively, consider using the UserDetailsService in a manually instantiated DaoAuthenticationProvider. If the current configuration is intentional, to turn off this warning, increase the logging level of 'org.springframework.security.config.annotation.authentication.configuration.InitializeUserDetailsBeanManagerConfigurer' to ERROR
 2026-05-03 21:35:24 INFO  o.s.b.w.e.tomcat.TomcatWebServer - Tomcat started on port 8080 (http) with context path '/'
 2026-05-03 21:35:24 INFO  gr.aueb.cf.eduapp.EduAppApplication - Started EduAppApplication in 8.887 seconds (process running for 9.168)
 2026-05-03 21:41:53 INFO  o.s.web.servlet.DispatcherServlet - Initializing Servlet 'dispatcherServlet'
 2026-05-03 21:41:53 INFO  o.s.web.servlet.DispatcherServlet - Completed initialization in 5 ms
 2026-05-03 21:41:53 WARN  g.a.c.e.s.CustomAuthenticationEntryPoint - User not authenticated, with message=Full authentication is required to access this resource
 2026-05-03 21:43:25 WARN  g.a.c.e.s.CustomAuthenticationEntryPoint - User not authenticated, with message=Full authentication is required to access this resource
 2026-05-03 21:44:07 INFO  o.h.validator.internal.util.Version - HV000001: Hibernate Validator 8.0.3.Final
 2026-05-03 21:44:07 INFO  gr.aueb.cf.eduapp.EduAppApplication - Starting EduAppApplication using Java 21.0.10 with PID 12764 (C:\Users\CyberPirate\Desktop\edu9-rest-app-pro\build\classes\java\main started by CyberPirate in C:\Users\CyberPirate\Desktop\edu9-rest-app-pro)
 2026-05-03 21:44:07 INFO  gr.aueb.cf.eduapp.EduAppApplication - The following 1 profile is active: "dev"
 2026-05-03 21:44:08 INFO  o.s.d.r.c.RepositoryConfigurationDelegate - Bootstrapping Spring Data JPA repositories in DEFAULT mode.
 2026-05-03 21:44:08 INFO  o.s.d.r.c.RepositoryConfigurationDelegate - Finished Spring Data repository scanning in 107 ms. Found 7 JPA repository interfaces.
 2026-05-03 21:44:09 INFO  o.s.b.w.e.tomcat.TomcatWebServer - Tomcat initialized with port 8080 (http)
 2026-05-03 21:44:09 INFO  o.s.b.w.s.c.ServletWebServerApplicationContext - Root WebApplicationContext: initialization completed in 2283 ms
 2026-05-03 21:44:10 INFO  org.flywaydb.core.FlywayExecutor - Database: jdbc:mysql://localhost:3306/schoolapp9csrpro?useSSL=true&serverTimezone=UTC (MySQL 8.0)
 2026-05-03 21:44:10 INFO  o.f.core.internal.command.DbValidate - Successfully validated 4 migrations (execution time 00:00.060s)
 2026-05-03 21:44:10 INFO  o.f.core.internal.command.DbMigrate - Current version of schema `schoolapp9csrpro`: 4
 2026-05-03 21:44:10 INFO  o.f.core.internal.command.DbMigrate - Schema `schoolapp9csrpro` is up to date. No migration necessary.
 2026-05-03 21:44:10 INFO  org.hibernate.Version - HHH000412: Hibernate ORM core version 6.6.44.Final
 2026-05-03 21:44:10 INFO  o.h.c.i.RegionFactoryInitiator - HHH000026: Second-level cache disabled
 2026-05-03 21:44:11 INFO  o.s.o.j.p.SpringPersistenceUnitInfo - No LoadTimeWeaver setup: ignoring JPA class transformer
 2026-05-03 21:44:11 INFO  o.hibernate.orm.connections.pooling - HHH10001005: Database info:
	Database JDBC URL [Connecting through datasource 'HikariDataSource (HikariPool-1)']
	Database driver: undefined/unknown
	Database version: 8.0.44
	Autocommit mode: undefined/unknown
	Isolation level: undefined/unknown
	Minimum pool size: undefined/unknown
	Maximum pool size: undefined/unknown
 2026-05-03 21:44:13 INFO  o.h.e.t.j.p.i.JtaPlatformInitiator - HHH000489: No JTA platform available (set 'hibernate.transaction.jta.platform' to enable JTA platform integration)
 2026-05-03 21:44:13 INFO  o.s.o.j.LocalContainerEntityManagerFactoryBean - Initialized JPA EntityManagerFactory for persistence unit 'default'
 2026-05-03 21:44:14 INFO  o.s.s.c.a.a.c.InitializeAuthenticationProviderBeanManagerConfigurer$InitializeAuthenticationProviderManagerConfigurer - Global AuthenticationManager configured with AuthenticationProvider bean with name authenticationProvider
 2026-05-03 21:44:14 WARN  o.s.s.c.a.a.c.InitializeUserDetailsBeanManagerConfigurer$InitializeUserDetailsManagerConfigurer - Global AuthenticationManager configured with an AuthenticationProvider bean. UserDetailsService beans will not be used by Spring Security for automatically configuring username/password login. Consider removing the AuthenticationProvider bean. Alternatively, consider using the UserDetailsService in a manually instantiated DaoAuthenticationProvider. If the current configuration is intentional, to turn off this warning, increase the logging level of 'org.springframework.security.config.annotation.authentication.configuration.InitializeUserDetailsBeanManagerConfigurer' to ERROR
 2026-05-03 21:44:15 INFO  o.s.b.w.e.tomcat.TomcatWebServer - Tomcat started on port 8080 (http) with context path '/'
 2026-05-03 21:44:15 INFO  gr.aueb.cf.eduapp.EduAppApplication - Started EduAppApplication in 8.767 seconds (process running for 9.239)
 2026-05-03 21:44:22 INFO  o.s.web.servlet.DispatcherServlet - Initializing Servlet 'dispatcherServlet'
 2026-05-03 21:44:22 INFO  o.s.web.servlet.DispatcherServlet - Completed initialization in 2 ms
 2026-05-03 21:44:23 WARN  g.a.c.e.core.exeption.ErrorHandler - Failed login for IP=0:0:0:0:0:0:0:1
 2026-05-03 21:44:30 WARN  g.a.c.e.core.exeption.ErrorHandler - Failed login for IP=0:0:0:0:0:0:0:1
 2026-05-03 21:44:32 WARN  g.a.c.e.core.exeption.ErrorHandler - Failed login for IP=0:0:0:0:0:0:0:1
 2026-05-03 21:45:08 WARN  g.a.c.e.s.CustomAuthenticationEntryPoint - User not authenticated, with message=Full authentication is required to access this resource
 2026-05-03 21:45:12 WARN  g.a.c.e.core.exeption.ErrorHandler - Failed login for IP=0:0:0:0:0:0:0:1
 2026-05-03 21:46:43 INFO  o.h.validator.internal.util.Version - HV000001: Hibernate Validator 8.0.3.Final
 2026-05-03 21:46:43 INFO  gr.aueb.cf.eduapp.EduAppApplication - Starting EduAppApplication using Java 21.0.10 with PID 32220 (C:\Users\CyberPirate\Desktop\edu9-rest-app-pro\build\classes\java\main started by CyberPirate in C:\Users\CyberPirate\Desktop\edu9-rest-app-pro)
 2026-05-03 21:46:43 INFO  gr.aueb.cf.eduapp.EduAppApplication - The following 1 profile is active: "dev"
 2026-05-03 21:46:43 INFO  o.s.d.r.c.RepositoryConfigurationDelegate - Bootstrapping Spring Data JPA repositories in DEFAULT mode.
 2026-05-03 21:46:43 INFO  o.s.d.r.c.RepositoryConfigurationDelegate - Finished Spring Data repository scanning in 85 ms. Found 7 JPA repository interfaces.
 2026-05-03 21:46:44 INFO  o.s.b.w.e.tomcat.TomcatWebServer - Tomcat initialized with port 8080 (http)
 2026-05-03 21:46:45 INFO  o.s.b.w.s.c.ServletWebServerApplicationContext - Root WebApplicationContext: initialization completed in 1927 ms
 2026-05-03 21:46:46 INFO  org.flywaydb.core.FlywayExecutor - Database: jdbc:mysql://localhost:3306/schoolapp9csrpro?useSSL=true&serverTimezone=UTC (MySQL 8.0)
 2026-05-03 21:46:46 INFO  o.f.core.internal.command.DbValidate - Successfully validated 4 migrations (execution time 00:00.060s)
 2026-05-03 21:46:46 INFO  o.f.core.internal.command.DbMigrate - Current version of schema `schoolapp9csrpro`: 4
 2026-05-03 21:46:46 INFO  o.f.core.internal.command.DbMigrate - Schema `schoolapp9csrpro` is up to date. No migration necessary.
 2026-05-03 21:46:46 INFO  org.hibernate.Version - HHH000412: Hibernate ORM core version 6.6.44.Final
 2026-05-03 21:46:46 INFO  o.h.c.i.RegionFactoryInitiator - HHH000026: Second-level cache disabled
 2026-05-03 21:46:46 INFO  o.s.o.j.p.SpringPersistenceUnitInfo - No LoadTimeWeaver setup: ignoring JPA class transformer
 2026-05-03 21:46:46 INFO  o.hibernate.orm.connections.pooling - HHH10001005: Database info:
	Database JDBC URL [Connecting through datasource 'HikariDataSource (HikariPool-1)']
	Database driver: undefined/unknown
	Database version: 8.0.44
	Autocommit mode: undefined/unknown
	Isolation level: undefined/unknown
	Minimum pool size: undefined/unknown
	Maximum pool size: undefined/unknown
 2026-05-03 21:46:48 INFO  o.h.e.t.j.p.i.JtaPlatformInitiator - HHH000489: No JTA platform available (set 'hibernate.transaction.jta.platform' to enable JTA platform integration)
 2026-05-03 21:46:48 INFO  o.s.o.j.LocalContainerEntityManagerFactoryBean - Initialized JPA EntityManagerFactory for persistence unit 'default'
 2026-05-03 21:46:49 INFO  o.s.s.c.a.a.c.InitializeAuthenticationProviderBeanManagerConfigurer$InitializeAuthenticationProviderManagerConfigurer - Global AuthenticationManager configured with AuthenticationProvider bean with name authenticationProvider
 2026-05-03 21:46:49 WARN  o.s.s.c.a.a.c.InitializeUserDetailsBeanManagerConfigurer$InitializeUserDetailsManagerConfigurer - Global AuthenticationManager configured with an AuthenticationProvider bean. UserDetailsService beans will not be used by Spring Security for automatically configuring username/password login. Consider removing the AuthenticationProvider bean. Alternatively, consider using the UserDetailsService in a manually instantiated DaoAuthenticationProvider. If the current configuration is intentional, to turn off this warning, increase the logging level of 'org.springframework.security.config.annotation.authentication.configuration.InitializeUserDetailsBeanManagerConfigurer' to ERROR
 2026-05-03 21:46:50 INFO  o.s.b.w.e.tomcat.TomcatWebServer - Tomcat started on port 8080 (http) with context path '/'
 2026-05-03 21:46:50 INFO  gr.aueb.cf.eduapp.EduAppApplication - Started EduAppApplication in 8.181 seconds (process running for 8.63)
 2026-05-03 21:47:00 INFO  o.s.web.servlet.DispatcherServlet - Initializing Servlet 'dispatcherServlet'
 2026-05-03 21:47:00 INFO  o.s.web.servlet.DispatcherServlet - Completed initialization in 2 ms
 2026-05-03 21:47:01 WARN  g.a.c.e.core.exeption.ErrorHandler - Failed login for IP=0:0:0:0:0:0:0:1
 2026-05-03 21:47:09 WARN  g.a.c.e.core.exeption.ErrorHandler - Failed login for IP=0:0:0:0:0:0:0:1
 2026-05-03 21:50:37 WARN  g.a.c.e.s.CustomAuthenticationEntryPoint - User not authenticated, with message=Full authentication is required to access this resource
 2026-05-03 21:50:41 WARN  g.a.c.e.core.exeption.ErrorHandler - Failed login for IP=0:0:0:0:0:0:0:1
 2026-05-03 21:53:19 INFO  o.h.validator.internal.util.Version - HV000001: Hibernate Validator 8.0.3.Final
 2026-05-03 21:53:19 INFO  gr.aueb.cf.eduapp.EduAppApplication - Starting EduAppApplication using Java 21.0.10 with PID 29352 (C:\Users\CyberPirate\Desktop\edu9-rest-app-pro\build\classes\java\main started by CyberPirate in C:\Users\CyberPirate\Desktop\edu9-rest-app-pro)
 2026-05-03 21:53:19 INFO  gr.aueb.cf.eduapp.EduAppApplication - The following 1 profile is active: "dev"
 2026-05-03 21:53:19 INFO  o.s.d.r.c.RepositoryConfigurationDelegate - Bootstrapping Spring Data JPA repositories in DEFAULT mode.
 2026-05-03 21:53:20 INFO  o.s.d.r.c.RepositoryConfigurationDelegate - Finished Spring Data repository scanning in 108 ms. Found 7 JPA repository interfaces.
 2026-05-03 21:53:21 INFO  o.s.b.w.e.tomcat.TomcatWebServer - Tomcat initialized with port 8080 (http)
 2026-05-03 21:53:21 INFO  o.s.b.w.s.c.ServletWebServerApplicationContext - Root WebApplicationContext: initialization completed in 2216 ms
 2026-05-03 21:53:22 INFO  org.flywaydb.core.FlywayExecutor - Database: jdbc:mysql://localhost:3306/schoolapp9csrpro?useSSL=true&serverTimezone=UTC (MySQL 8.0)
 2026-05-03 21:53:22 INFO  o.f.core.internal.command.DbValidate - Successfully validated 4 migrations (execution time 00:00.061s)
 2026-05-03 21:53:22 INFO  o.f.core.internal.command.DbMigrate - Current version of schema `schoolapp9csrpro`: 4
 2026-05-03 21:53:22 INFO  o.f.core.internal.command.DbMigrate - Schema `schoolapp9csrpro` is up to date. No migration necessary.
 2026-05-03 21:53:23 INFO  org.hibernate.Version - HHH000412: Hibernate ORM core version 6.6.44.Final
 2026-05-03 21:53:23 INFO  o.h.c.i.RegionFactoryInitiator - HHH000026: Second-level cache disabled
 2026-05-03 21:53:24 INFO  o.s.o.j.p.SpringPersistenceUnitInfo - No LoadTimeWeaver setup: ignoring JPA class transformer
 2026-05-03 21:53:24 INFO  o.hibernate.orm.connections.pooling - HHH10001005: Database info:
	Database JDBC URL [Connecting through datasource 'HikariDataSource (HikariPool-1)']
	Database driver: undefined/unknown
	Database version: 8.0.44
	Autocommit mode: undefined/unknown
	Isolation level: undefined/unknown
	Minimum pool size: undefined/unknown
	Maximum pool size: undefined/unknown
 2026-05-03 21:53:25 INFO  o.h.e.t.j.p.i.JtaPlatformInitiator - HHH000489: No JTA platform available (set 'hibernate.transaction.jta.platform' to enable JTA platform integration)
 2026-05-03 21:53:25 INFO  o.s.o.j.LocalContainerEntityManagerFactoryBean - Initialized JPA EntityManagerFactory for persistence unit 'default'
 2026-05-03 21:53:26 INFO  o.s.s.c.a.a.c.InitializeAuthenticationProviderBeanManagerConfigurer$InitializeAuthenticationProviderManagerConfigurer - Global AuthenticationManager configured with AuthenticationProvider bean with name authenticationProvider
 2026-05-03 21:53:26 WARN  o.s.s.c.a.a.c.InitializeUserDetailsBeanManagerConfigurer$InitializeUserDetailsManagerConfigurer - Global AuthenticationManager configured with an AuthenticationProvider bean. UserDetailsService beans will not be used by Spring Security for automatically configuring username/password login. Consider removing the AuthenticationProvider bean. Alternatively, consider using the UserDetailsService in a manually instantiated DaoAuthenticationProvider. If the current configuration is intentional, to turn off this warning, increase the logging level of 'org.springframework.security.config.annotation.authentication.configuration.InitializeUserDetailsBeanManagerConfigurer' to ERROR
 2026-05-03 21:53:27 INFO  o.s.b.w.e.tomcat.TomcatWebServer - Tomcat started on port 8080 (http) with context path '/'
 2026-05-03 21:53:27 INFO  gr.aueb.cf.eduapp.EduAppApplication - Started EduAppApplication in 9.347 seconds (process running for 9.79)
 2026-05-03 21:53:31 INFO  o.s.web.servlet.DispatcherServlet - Initializing Servlet 'dispatcherServlet'
 2026-05-03 21:53:31 INFO  o.s.web.servlet.DispatcherServlet - Completed initialization in 2 ms
 2026-05-03 21:53:32 WARN  g.a.c.e.core.exeption.ErrorHandler - Failed login for IP=0:0:0:0:0:0:0:1
 2026-05-03 21:53:35 WARN  g.a.c.e.core.exeption.ErrorHandler - Failed login for IP=0:0:0:0:0:0:0:1
 2026-05-03 21:55:02 WARN  g.a.c.e.s.CustomAuthenticationEntryPoint - User not authenticated, with message=Full authentication is required to access this resource
 2026-05-03 21:56:59 WARN  g.a.c.e.s.CustomAccessDeniedHandler - Access denied for user to request=/api/v1/users/074b3758-7d48-4441-a1cc-20b1978fe8db with message=Access Denied
 2026-05-03 21:57:42 WARN  g.a.c.e.s.CustomAccessDeniedHandler - Access denied for user to request=/api/v1/users/074b3758-7d48-4441-a1cc-20b1978fe8db with message=Access Denied
 2026-05-03 21:58:23 WARN  g.a.c.e.s.CustomAccessDeniedHandler - Access denied for user to request=/api/v1/users/074b3758-7d48-4441-a1cc-20b1978fe8db with message=Access Denied
 2026-05-03 22:03:42 WARN  g.a.c.e.s.CustomAccessDeniedHandler - Access denied for user to request=/api/v1/users/199b0565-6836-489b-9204-02dc85dfe3ad with message=Access Denied
 2026-05-03 22:04:11 WARN  g.a.c.e.s.CustomAccessDeniedHandler - Access denied for user to request=/api/v1/users/199b0565-6836-489b-9204-02dc85dfe3ad with message=Access Denied
 2026-05-03 22:05:06 WARN  g.a.c.e.s.CustomAccessDeniedHandler - Access denied for user to request=/api/v1/users/199b0565-6836-489b-9204-02dc85dfe3ad with message=Access Denied
 2026-05-03 22:07:31 WARN  g.a.c.e.s.CustomAccessDeniedHandler - Access denied for user to request=/api/v1/users/199b0565-6836-489b-9204-02dc85dfe3ad with message=Access Denied
 2026-05-03 22:13:09 WARN  g.a.c.e.s.CustomAccessDeniedHandler - Access denied for user to request=/api/v1/users/199b0565-6836-489b-9204-02dc85dfe3ad with message=Access Denied
 2026-05-03 22:13:11 WARN  g.a.c.e.s.CustomAccessDeniedHandler - Access denied for user to request=/api/v1/users/199b0565-6836-489b-9204-02dc85dfe3ad with message=Access Denied
 2026-05-03 22:13:29 INFO  o.h.validator.internal.util.Version - HV000001: Hibernate Validator 8.0.3.Final
 2026-05-03 22:13:29 INFO  gr.aueb.cf.eduapp.EduAppApplication - Starting EduAppApplication using Java 21.0.10 with PID 7120 (C:\Users\CyberPirate\Desktop\edu9-rest-app-pro\build\classes\java\main started by CyberPirate in C:\Users\CyberPirate\Desktop\edu9-rest-app-pro)
 2026-05-03 22:13:29 INFO  gr.aueb.cf.eduapp.EduAppApplication - The following 1 profile is active: "dev"
 2026-05-03 22:13:30 INFO  o.s.d.r.c.RepositoryConfigurationDelegate - Bootstrapping Spring Data JPA repositories in DEFAULT mode.
 2026-05-03 22:13:30 INFO  o.s.d.r.c.RepositoryConfigurationDelegate - Finished Spring Data repository scanning in 76 ms. Found 7 JPA repository interfaces.
 2026-05-03 22:13:31 INFO  o.s.b.w.e.tomcat.TomcatWebServer - Tomcat initialized with port 8080 (http)
 2026-05-03 22:13:31 INFO  o.s.b.w.s.c.ServletWebServerApplicationContext - Root WebApplicationContext: initialization completed in 1777 ms
 2026-05-03 22:13:32 INFO  org.flywaydb.core.FlywayExecutor - Database: jdbc:mysql://localhost:3306/schoolapp9csrpro?useSSL=true&serverTimezone=UTC (MySQL 8.0)
 2026-05-03 22:13:33 INFO  o.f.core.internal.command.DbValidate - Successfully validated 4 migrations (execution time 00:00.134s)
 2026-05-03 22:13:33 INFO  o.f.core.internal.command.DbMigrate - Current version of schema `schoolapp9csrpro`: 4
 2026-05-03 22:13:33 INFO  o.f.core.internal.command.DbMigrate - Schema `schoolapp9csrpro` is up to date. No migration necessary.
 2026-05-03 22:13:33 INFO  org.hibernate.Version - HHH000412: Hibernate ORM core version 6.6.44.Final
 2026-05-03 22:13:33 INFO  o.h.c.i.RegionFactoryInitiator - HHH000026: Second-level cache disabled
 2026-05-03 22:13:34 INFO  o.s.o.j.p.SpringPersistenceUnitInfo - No LoadTimeWeaver setup: ignoring JPA class transformer
 2026-05-03 22:13:34 INFO  o.hibernate.orm.connections.pooling - HHH10001005: Database info:
	Database JDBC URL [Connecting through datasource 'HikariDataSource (HikariPool-1)']
	Database driver: undefined/unknown
	Database version: 8.0.44
	Autocommit mode: undefined/unknown
	Isolation level: undefined/unknown
	Minimum pool size: undefined/unknown
	Maximum pool size: undefined/unknown
 2026-05-03 22:13:37 INFO  o.h.e.t.j.p.i.JtaPlatformInitiator - HHH000489: No JTA platform available (set 'hibernate.transaction.jta.platform' to enable JTA platform integration)
 2026-05-03 22:13:37 INFO  o.s.o.j.LocalContainerEntityManagerFactoryBean - Initialized JPA EntityManagerFactory for persistence unit 'default'
 2026-05-03 22:13:38 INFO  o.s.s.c.a.a.c.InitializeAuthenticationProviderBeanManagerConfigurer$InitializeAuthenticationProviderManagerConfigurer - Global AuthenticationManager configured with AuthenticationProvider bean with name authenticationProvider
 2026-05-03 22:13:38 WARN  o.s.s.c.a.a.c.InitializeUserDetailsBeanManagerConfigurer$InitializeUserDetailsManagerConfigurer - Global AuthenticationManager configured with an AuthenticationProvider bean. UserDetailsService beans will not be used by Spring Security for automatically configuring username/password login. Consider removing the AuthenticationProvider bean. Alternatively, consider using the UserDetailsService in a manually instantiated DaoAuthenticationProvider. If the current configuration is intentional, to turn off this warning, increase the logging level of 'org.springframework.security.config.annotation.authentication.configuration.InitializeUserDetailsBeanManagerConfigurer' to ERROR
 2026-05-03 22:13:40 INFO  o.s.b.w.e.tomcat.TomcatWebServer - Tomcat started on port 8080 (http) with context path '/'
 2026-05-03 22:13:40 INFO  gr.aueb.cf.eduapp.EduAppApplication - Started EduAppApplication in 11.31 seconds (process running for 11.754)
 2026-05-03 22:13:44 INFO  o.s.web.servlet.DispatcherServlet - Initializing Servlet 'dispatcherServlet'
 2026-05-03 22:13:44 INFO  o.s.web.servlet.DispatcherServlet - Completed initialization in 3 ms
 2026-05-03 22:14:20 WARN  g.a.c.e.s.CustomAccessDeniedHandler - Access denied for user to request=/api/v1/users/199b0565-6836-489b-9204-02dc85dfe3ad with message=Access Denied
 2026-05-03 22:15:20 WARN  g.a.c.e.s.CustomAuthenticationEntryPoint - User not authenticated, with message=Full authentication is required to access this resource
 2026-05-03 22:15:23 WARN  g.a.c.e.s.CustomAccessDeniedHandler - Access denied for user to request=/api/v1/users/199b0565-6836-489b-9204-02dc85dfe3ad with message=Access Denied
 2026-05-03 22:17:08 INFO  o.h.validator.internal.util.Version - HV000001: Hibernate Validator 8.0.3.Final
 2026-05-03 22:17:08 INFO  gr.aueb.cf.eduapp.EduAppApplication - Starting EduAppApplication using Java 21.0.10 with PID 17956 (C:\Users\CyberPirate\Desktop\edu9-rest-app-pro\build\classes\java\main started by CyberPirate in C:\Users\CyberPirate\Desktop\edu9-rest-app-pro)
 2026-05-03 22:17:08 INFO  gr.aueb.cf.eduapp.EduAppApplication - The following 1 profile is active: "dev"
 2026-05-03 22:17:09 INFO  o.s.d.r.c.RepositoryConfigurationDelegate - Bootstrapping Spring Data JPA repositories in DEFAULT mode.
 2026-05-03 22:17:09 INFO  o.s.d.r.c.RepositoryConfigurationDelegate - Finished Spring Data repository scanning in 98 ms. Found 7 JPA repository interfaces.
 2026-05-03 22:17:10 INFO  o.s.b.w.e.tomcat.TomcatWebServer - Tomcat initialized with port 8080 (http)
 2026-05-03 22:17:10 INFO  o.s.b.w.s.c.ServletWebServerApplicationContext - Root WebApplicationContext: initialization completed in 2101 ms
 2026-05-03 22:17:11 INFO  org.flywaydb.core.FlywayExecutor - Database: jdbc:mysql://localhost:3306/schoolapp9csrpro?useSSL=true&serverTimezone=UTC (MySQL 8.0)
 2026-05-03 22:17:11 INFO  o.f.core.internal.command.DbValidate - Successfully validated 4 migrations (execution time 00:00.101s)
 2026-05-03 22:17:11 INFO  o.f.core.internal.command.DbMigrate - Current version of schema `schoolapp9csrpro`: 4
 2026-05-03 22:17:11 INFO  o.f.core.internal.command.DbMigrate - Schema `schoolapp9csrpro` is up to date. No migration necessary.
 2026-05-03 22:17:12 INFO  org.hibernate.Version - HHH000412: Hibernate ORM core version 6.6.44.Final
 2026-05-03 22:17:12 INFO  o.h.c.i.RegionFactoryInitiator - HHH000026: Second-level cache disabled
 2026-05-03 22:17:12 INFO  o.s.o.j.p.SpringPersistenceUnitInfo - No LoadTimeWeaver setup: ignoring JPA class transformer
 2026-05-03 22:17:13 INFO  o.hibernate.orm.connections.pooling - HHH10001005: Database info:
	Database JDBC URL [Connecting through datasource 'HikariDataSource (HikariPool-1)']
	Database driver: undefined/unknown
	Database version: 8.0.44
	Autocommit mode: undefined/unknown
	Isolation level: undefined/unknown
	Minimum pool size: undefined/unknown
	Maximum pool size: undefined/unknown
 2026-05-03 22:17:15 INFO  o.h.e.t.j.p.i.JtaPlatformInitiator - HHH000489: No JTA platform available (set 'hibernate.transaction.jta.platform' to enable JTA platform integration)
 2026-05-03 22:17:15 INFO  o.s.o.j.LocalContainerEntityManagerFactoryBean - Initialized JPA EntityManagerFactory for persistence unit 'default'
 2026-05-03 22:17:16 INFO  o.s.s.c.a.a.c.InitializeAuthenticationProviderBeanManagerConfigurer$InitializeAuthenticationProviderManagerConfigurer - Global AuthenticationManager configured with AuthenticationProvider bean with name authenticationProvider
 2026-05-03 22:17:16 WARN  o.s.s.c.a.a.c.InitializeUserDetailsBeanManagerConfigurer$InitializeUserDetailsManagerConfigurer - Global AuthenticationManager configured with an AuthenticationProvider bean. UserDetailsService beans will not be used by Spring Security for automatically configuring username/password login. Consider removing the AuthenticationProvider bean. Alternatively, consider using the UserDetailsService in a manually instantiated DaoAuthenticationProvider. If the current configuration is intentional, to turn off this warning, increase the logging level of 'org.springframework.security.config.annotation.authentication.configuration.InitializeUserDetailsBeanManagerConfigurer' to ERROR
 2026-05-03 22:17:18 INFO  o.s.b.w.e.tomcat.TomcatWebServer - Tomcat started on port 8080 (http) with context path '/'
 2026-05-03 22:17:18 INFO  gr.aueb.cf.eduapp.EduAppApplication - Started EduAppApplication in 10.916 seconds (process running for 11.469)
 2026-05-03 22:17:29 INFO  o.s.web.servlet.DispatcherServlet - Initializing Servlet 'dispatcherServlet'
 2026-05-03 22:17:29 INFO  o.s.web.servlet.DispatcherServlet - Completed initialization in 2 ms
 2026-05-03 22:17:56 WARN  g.a.c.e.core.exeption.ErrorHandler - Access denied. Message=Access Denied
 2026-05-03 22:18:02 WARN  g.a.c.e.core.exeption.ErrorHandler - Access denied. Message=Access Denied
 2026-05-03 22:18:03 WARN  g.a.c.e.core.exeption.ErrorHandler - Access denied. Message=Access Denied
 2026-05-03 22:19:40 WARN  g.a.c.e.core.exeption.ErrorHandler - Access denied. Message=Access Denied
 2026-05-03 22:24:38 INFO  o.h.validator.internal.util.Version - HV000001: Hibernate Validator 8.0.3.Final
 2026-05-03 22:24:38 INFO  gr.aueb.cf.eduapp.EduAppApplication - Starting EduAppApplication using Java 21.0.10 with PID 29888 (C:\Users\CyberPirate\Desktop\edu9-rest-app-pro\build\classes\java\main started by CyberPirate in C:\Users\CyberPirate\Desktop\edu9-rest-app-pro)
 2026-05-03 22:24:38 INFO  gr.aueb.cf.eduapp.EduAppApplication - The following 1 profile is active: "dev"
 2026-05-03 22:24:39 INFO  o.s.d.r.c.RepositoryConfigurationDelegate - Bootstrapping Spring Data JPA repositories in DEFAULT mode.
 2026-05-03 22:24:39 INFO  o.s.d.r.c.RepositoryConfigurationDelegate - Finished Spring Data repository scanning in 91 ms. Found 7 JPA repository interfaces.
 2026-05-03 22:24:40 INFO  o.s.b.w.e.tomcat.TomcatWebServer - Tomcat initialized with port 8080 (http)
 2026-05-03 22:24:40 INFO  o.s.b.w.s.c.ServletWebServerApplicationContext - Root WebApplicationContext: initialization completed in 2046 ms
 2026-05-03 22:24:41 INFO  org.flywaydb.core.FlywayExecutor - Database: jdbc:mysql://localhost:3306/schoolapp9csrpro?useSSL=true&serverTimezone=UTC (MySQL 8.0)
 2026-05-03 22:24:41 INFO  o.f.core.internal.command.DbValidate - Successfully validated 4 migrations (execution time 00:00.049s)
 2026-05-03 22:24:41 INFO  o.f.core.internal.command.DbMigrate - Current version of schema `schoolapp9csrpro`: 4
 2026-05-03 22:24:41 INFO  o.f.core.internal.command.DbMigrate - Schema `schoolapp9csrpro` is up to date. No migration necessary.
 2026-05-03 22:24:41 INFO  org.hibernate.Version - HHH000412: Hibernate ORM core version 6.6.44.Final
 2026-05-03 22:24:41 INFO  o.h.c.i.RegionFactoryInitiator - HHH000026: Second-level cache disabled
 2026-05-03 22:24:42 INFO  o.s.o.j.p.SpringPersistenceUnitInfo - No LoadTimeWeaver setup: ignoring JPA class transformer
 2026-05-03 22:24:42 INFO  o.hibernate.orm.connections.pooling - HHH10001005: Database info:
	Database JDBC URL [Connecting through datasource 'HikariDataSource (HikariPool-1)']
	Database driver: undefined/unknown
	Database version: 8.0.44
	Autocommit mode: undefined/unknown
	Isolation level: undefined/unknown
	Minimum pool size: undefined/unknown
	Maximum pool size: undefined/unknown
 2026-05-03 22:24:43 INFO  o.h.e.t.j.p.i.JtaPlatformInitiator - HHH000489: No JTA platform available (set 'hibernate.transaction.jta.platform' to enable JTA platform integration)
 2026-05-03 22:24:43 INFO  o.s.o.j.LocalContainerEntityManagerFactoryBean - Initialized JPA EntityManagerFactory for persistence unit 'default'
 2026-05-03 22:24:44 INFO  o.s.s.c.a.a.c.InitializeAuthenticationProviderBeanManagerConfigurer$InitializeAuthenticationProviderManagerConfigurer - Global AuthenticationManager configured with AuthenticationProvider bean with name authenticationProvider
 2026-05-03 22:24:44 WARN  o.s.s.c.a.a.c.InitializeUserDetailsBeanManagerConfigurer$InitializeUserDetailsManagerConfigurer - Global AuthenticationManager configured with an AuthenticationProvider bean. UserDetailsService beans will not be used by Spring Security for automatically configuring username/password login. Consider removing the AuthenticationProvider bean. Alternatively, consider using the UserDetailsService in a manually instantiated DaoAuthenticationProvider. If the current configuration is intentional, to turn off this warning, increase the logging level of 'org.springframework.security.config.annotation.authentication.configuration.InitializeUserDetailsBeanManagerConfigurer' to ERROR
 2026-05-03 22:24:45 INFO  o.s.b.w.e.tomcat.TomcatWebServer - Tomcat started on port 8080 (http) with context path '/'
 2026-05-03 22:24:45 INFO  gr.aueb.cf.eduapp.EduAppApplication - Started EduAppApplication in 7.499 seconds (process running for 7.955)
 2026-05-03 22:25:06 INFO  o.s.web.servlet.DispatcherServlet - Initializing Servlet 'dispatcherServlet'
 2026-05-03 22:25:06 INFO  o.s.web.servlet.DispatcherServlet - Completed initialization in 1 ms
 2026-05-03 22:25:24 WARN  g.a.c.e.core.exeption.ErrorHandler - Access denied. Message=Access Denied
 2026-05-03 22:25:40 WARN  g.a.c.e.core.exeption.ErrorHandler - Access denied. Message=Access Denied
 2026-05-03 22:25:53 WARN  g.a.c.e.core.exeption.ErrorHandler - Access denied. Message=Access Denied
 2026-05-03 22:27:55 INFO  o.h.validator.internal.util.Version - HV000001: Hibernate Validator 8.0.3.Final
 2026-05-03 22:27:55 INFO  gr.aueb.cf.eduapp.EduAppApplication - Starting EduAppApplication using Java 21.0.10 with PID 28284 (C:\Users\CyberPirate\Desktop\edu9-rest-app-pro\build\classes\java\main started by CyberPirate in C:\Users\CyberPirate\Desktop\edu9-rest-app-pro)
 2026-05-03 22:27:55 INFO  gr.aueb.cf.eduapp.EduAppApplication - The following 1 profile is active: "dev"
 2026-05-03 22:27:57 INFO  o.s.d.r.c.RepositoryConfigurationDelegate - Bootstrapping Spring Data JPA repositories in DEFAULT mode.
 2026-05-03 22:27:57 INFO  o.s.d.r.c.RepositoryConfigurationDelegate - Finished Spring Data repository scanning in 112 ms. Found 7 JPA repository interfaces.
 2026-05-03 22:27:58 INFO  o.s.b.w.e.tomcat.TomcatWebServer - Tomcat initialized with port 8080 (http)
 2026-05-03 22:27:58 INFO  o.s.b.w.s.c.ServletWebServerApplicationContext - Root WebApplicationContext: initialization completed in 2486 ms
 2026-05-03 22:27:59 INFO  org.flywaydb.core.FlywayExecutor - Database: jdbc:mysql://localhost:3306/schoolapp9csrpro?useSSL=true&serverTimezone=UTC (MySQL 8.0)
 2026-05-03 22:27:59 INFO  o.f.core.internal.command.DbValidate - Successfully validated 4 migrations (execution time 00:00.057s)
 2026-05-03 22:27:59 INFO  o.f.core.internal.command.DbMigrate - Current version of schema `schoolapp9csrpro`: 4
 2026-05-03 22:27:59 INFO  o.f.core.internal.command.DbMigrate - Schema `schoolapp9csrpro` is up to date. No migration necessary.
 2026-05-03 22:27:59 INFO  org.hibernate.Version - HHH000412: Hibernate ORM core version 6.6.44.Final
 2026-05-03 22:27:59 INFO  o.h.c.i.RegionFactoryInitiator - HHH000026: Second-level cache disabled
 2026-05-03 22:28:00 INFO  o.s.o.j.p.SpringPersistenceUnitInfo - No LoadTimeWeaver setup: ignoring JPA class transformer
 2026-05-03 22:28:00 INFO  o.hibernate.orm.connections.pooling - HHH10001005: Database info:
	Database JDBC URL [Connecting through datasource 'HikariDataSource (HikariPool-1)']
	Database driver: undefined/unknown
	Database version: 8.0.44
	Autocommit mode: undefined/unknown
	Isolation level: undefined/unknown
	Minimum pool size: undefined/unknown
	Maximum pool size: undefined/unknown
 2026-05-03 22:28:02 INFO  o.h.e.t.j.p.i.JtaPlatformInitiator - HHH000489: No JTA platform available (set 'hibernate.transaction.jta.platform' to enable JTA platform integration)
 2026-05-03 22:28:02 INFO  o.s.o.j.LocalContainerEntityManagerFactoryBean - Initialized JPA EntityManagerFactory for persistence unit 'default'
 2026-05-03 22:28:03 INFO  o.s.s.c.a.a.c.InitializeAuthenticationProviderBeanManagerConfigurer$InitializeAuthenticationProviderManagerConfigurer - Global AuthenticationManager configured with AuthenticationProvider bean with name authenticationProvider
 2026-05-03 22:28:03 WARN  o.s.s.c.a.a.c.InitializeUserDetailsBeanManagerConfigurer$InitializeUserDetailsManagerConfigurer - Global AuthenticationManager configured with an AuthenticationProvider bean. UserDetailsService beans will not be used by Spring Security for automatically configuring username/password login. Consider removing the AuthenticationProvider bean. Alternatively, consider using the UserDetailsService in a manually instantiated DaoAuthenticationProvider. If the current configuration is intentional, to turn off this warning, increase the logging level of 'org.springframework.security.config.annotation.authentication.configuration.InitializeUserDetailsBeanManagerConfigurer' to ERROR
 2026-05-03 22:28:04 INFO  o.s.b.w.e.tomcat.TomcatWebServer - Tomcat started on port 8080 (http) with context path '/'
 2026-05-03 22:28:04 INFO  gr.aueb.cf.eduapp.EduAppApplication - Started EduAppApplication in 9.449 seconds (process running for 9.812)
 2026-05-03 22:28:32 INFO  o.s.web.servlet.DispatcherServlet - Initializing Servlet 'dispatcherServlet'
 2026-05-03 22:28:32 INFO  o.s.web.servlet.DispatcherServlet - Completed initialization in 3 ms
 2026-05-03 22:28:44 WARN  g.a.c.e.s.CustomAuthenticationEntryPoint - User not authenticated, with message=Full authentication is required to access this resource
 2026-05-03 22:29:02 WARN  g.a.c.e.s.CustomAccessDeniedHandler - Access denied for user to request=/api/v1/users/199b0565-6836-489b-9204-02dc85dfe3ad with message=Access Denied
 2026-05-03 22:29:06 WARN  g.a.c.e.s.CustomAccessDeniedHandler - Access denied for user to request=/api/v1/users/199b0565-6836-489b-9204-02dc85dfe3ad with message=Access Denied
 2026-05-03 22:32:11 INFO  o.h.validator.internal.util.Version - HV000001: Hibernate Validator 8.0.3.Final
 2026-05-03 22:32:11 INFO  gr.aueb.cf.eduapp.EduAppApplication - Starting EduAppApplication using Java 21.0.10 with PID 32492 (C:\Users\CyberPirate\Desktop\edu9-rest-app-pro\build\classes\java\main started by CyberPirate in C:\Users\CyberPirate\Desktop\edu9-rest-app-pro)
 2026-05-03 22:32:11 INFO  gr.aueb.cf.eduapp.EduAppApplication - The following 1 profile is active: "dev"
 2026-05-03 22:32:12 INFO  o.s.d.r.c.RepositoryConfigurationDelegate - Bootstrapping Spring Data JPA repositories in DEFAULT mode.
 2026-05-03 22:32:12 INFO  o.s.d.r.c.RepositoryConfigurationDelegate - Finished Spring Data repository scanning in 96 ms. Found 7 JPA repository interfaces.
 2026-05-03 22:32:13 INFO  o.s.b.w.e.tomcat.TomcatWebServer - Tomcat initialized with port 8080 (http)
 2026-05-03 22:32:13 INFO  o.s.b.w.s.c.ServletWebServerApplicationContext - Root WebApplicationContext: initialization completed in 1871 ms
 2026-05-03 22:32:14 INFO  org.flywaydb.core.FlywayExecutor - Database: jdbc:mysql://localhost:3306/schoolapp9csrpro?useSSL=true&serverTimezone=UTC (MySQL 8.0)
 2026-05-03 22:32:14 INFO  o.f.core.internal.command.DbValidate - Successfully validated 4 migrations (execution time 00:00.063s)
 2026-05-03 22:32:14 INFO  o.f.core.internal.command.DbMigrate - Current version of schema `schoolapp9csrpro`: 4
 2026-05-03 22:32:14 INFO  o.f.core.internal.command.DbMigrate - Schema `schoolapp9csrpro` is up to date. No migration necessary.
 2026-05-03 22:32:15 INFO  org.hibernate.Version - HHH000412: Hibernate ORM core version 6.6.44.Final
 2026-05-03 22:32:15 INFO  o.h.c.i.RegionFactoryInitiator - HHH000026: Second-level cache disabled
 2026-05-03 22:32:15 INFO  o.s.o.j.p.SpringPersistenceUnitInfo - No LoadTimeWeaver setup: ignoring JPA class transformer
 2026-05-03 22:32:15 INFO  o.hibernate.orm.connections.pooling - HHH10001005: Database info:
	Database JDBC URL [Connecting through datasource 'HikariDataSource (HikariPool-1)']
	Database driver: undefined/unknown
	Database version: 8.0.44
	Autocommit mode: undefined/unknown
	Isolation level: undefined/unknown
	Minimum pool size: undefined/unknown
	Maximum pool size: undefined/unknown
 2026-05-03 22:32:17 INFO  o.h.e.t.j.p.i.JtaPlatformInitiator - HHH000489: No JTA platform available (set 'hibernate.transaction.jta.platform' to enable JTA platform integration)
 2026-05-03 22:32:17 INFO  o.s.o.j.LocalContainerEntityManagerFactoryBean - Initialized JPA EntityManagerFactory for persistence unit 'default'
 2026-05-03 22:32:18 INFO  o.s.s.c.a.a.c.InitializeAuthenticationProviderBeanManagerConfigurer$InitializeAuthenticationProviderManagerConfigurer - Global AuthenticationManager configured with AuthenticationProvider bean with name authenticationProvider
 2026-05-03 22:32:18 WARN  o.s.s.c.a.a.c.InitializeUserDetailsBeanManagerConfigurer$InitializeUserDetailsManagerConfigurer - Global AuthenticationManager configured with an AuthenticationProvider bean. UserDetailsService beans will not be used by Spring Security for automatically configuring username/password login. Consider removing the AuthenticationProvider bean. Alternatively, consider using the UserDetailsService in a manually instantiated DaoAuthenticationProvider. If the current configuration is intentional, to turn off this warning, increase the logging level of 'org.springframework.security.config.annotation.authentication.configuration.InitializeUserDetailsBeanManagerConfigurer' to ERROR
 2026-05-03 22:32:19 INFO  o.s.b.w.e.tomcat.TomcatWebServer - Tomcat started on port 8080 (http) with context path '/'
 2026-05-03 22:32:19 INFO  gr.aueb.cf.eduapp.EduAppApplication - Started EduAppApplication in 8.417 seconds (process running for 8.808)
 2026-05-03 22:32:21 INFO  o.s.web.servlet.DispatcherServlet - Initializing Servlet 'dispatcherServlet'
 2026-05-03 22:32:21 INFO  o.s.web.servlet.DispatcherServlet - Completed initialization in 2 ms
 2026-05-03 22:32:22 WARN  g.a.c.e.s.CustomAccessDeniedHandler - Access denied for user to request=/api/v1/users/199b0565-6836-489b-9204-02dc85dfe3ad with message=Access Denied
 2026-05-03 22:32:47 WARN  g.a.c.e.s.CustomAccessDeniedHandler - Access denied for user to request=/api/v1/users/199b0565-6836-489b-9204-02dc85dfe3ad with message=Access Denied
 2026-05-03 22:33:23 WARN  g.a.c.e.s.CustomAccessDeniedHandler - Access denied for user to request=/api/v1/users/199b0565-6836-489b-9204-02dc85dfe3ad with message=Access Denied
 2026-05-03 22:35:11 WARN  g.a.c.e.s.CustomAccessDeniedHandler - Access denied for user to request=/api/v1/users/199b0565-6836-489b-9204-02dc85dfe3ad with message=Access Denied
 2026-05-03 22:35:37 WARN  g.a.c.e.s.CustomAccessDeniedHandler - Access denied for user to request=/api/v1/users/199b0565-6836-489b-9204-02dc85dfe3ad with message=Access Denied
 2026-05-03 22:36:12 WARN  g.a.c.e.s.CustomAccessDeniedHandler - Access denied for user to request=/api/v1/users/199b0565-6836-489b-9204-02dc85dfe3ad with message=Access Denied
 2026-05-03 22:36:14 WARN  g.a.c.e.s.CustomAccessDeniedHandler - Access denied for user to request=/api/v1/users/199b0565-6836-489b-9204-02dc85dfe3ad with message=Access Denied
 2026-05-03 22:36:46 WARN  g.a.c.e.s.CustomAccessDeniedHandler - Access denied for user to request=/api/v1/users/199b0565-6836-489b-9204-02dc85dfe3ad with message=Access Denied
 2026-05-03 22:36:48 WARN  g.a.c.e.s.CustomAccessDeniedHandler - Access denied for user to request=/api/v1/users/199b0565-6836-489b-9204-02dc85dfe3ad with message=Access Denied
 2026-05-03 22:38:11 INFO  g.aueb.cf.eduapp.service.UserService - The user with username: testUserApp is saved successfully
 2026-05-03 22:38:41 WARN  g.a.c.e.s.CustomAccessDeniedHandler - Access denied for user to request=/api/v1/users/d9af5f73-0a73-48f6-a6db-98678b882eac with message=Access Denied
 2026-05-03 22:39:27 WARN  g.a.c.e.s.CustomAccessDeniedHandler - Access denied for user to request=/api/v1/users/d9af5f73-0a73-48f6-a6db-98678b882eac with message=Access Denied
 2026-05-03 22:39:46 WARN  g.a.c.e.s.CustomAccessDeniedHandler - Access denied for user to request=/api/v1/users/d9af5f73-0a73-48f6-a6db-98678b882eac with message=Access Denied
 2026-05-03 22:39:47 WARN  g.a.c.e.s.CustomAccessDeniedHandler - Access denied for user to request=/api/v1/users/d9af5f73-0a73-48f6-a6db-98678b882eac with message=Access Denied
 2026-05-03 22:39:49 WARN  g.a.c.e.s.CustomAuthenticationEntryPoint - User not authenticated, with message=Full authentication is required to access this resource
 2026-05-03 22:39:50 WARN  g.a.c.e.s.CustomAuthenticationEntryPoint - User not authenticated, with message=Full authentication is required to access this resource
 2026-05-03 22:39:53 WARN  g.a.c.e.s.CustomAccessDeniedHandler - Access denied for user to request=/api/v1/users/d9af5f73-0a73-48f6-a6db-98678b882eac with message=Access Denied
 2026-05-03 22:40:31 WARN  g.a.c.e.s.CustomAccessDeniedHandler - Access denied for user to request=/api/v1/users/d9af5f73-0a73-48f6-a6db-98678b882eac with message=Access Denied
 2026-05-03 22:40:50 WARN  g.a.c.e.s.CustomAccessDeniedHandler - Access denied for user to request=/api/v1/users/d9af5f73-0a73-48f6-a6db-98678b882eac with message=Access Denied
 2026-05-03 22:52:43 WARN  g.a.c.e.s.CustomAccessDeniedHandler - Access denied for user to request=/api/v1/users/d9af5f73-0a73-48f6-a6db-98678b882eac with message=Access Denied
 2026-05-03 22:53:45 INFO  o.h.validator.internal.util.Version - HV000001: Hibernate Validator 8.0.3.Final
 2026-05-03 22:53:45 INFO  gr.aueb.cf.eduapp.EduAppApplication - Starting EduAppApplication using Java 21.0.10 with PID 17936 (C:\Users\CyberPirate\Desktop\edu9-rest-app-pro\build\classes\java\main started by CyberPirate in C:\Users\CyberPirate\Desktop\edu9-rest-app-pro)
 2026-05-03 22:53:45 INFO  gr.aueb.cf.eduapp.EduAppApplication - The following 1 profile is active: "dev"
 2026-05-03 22:53:46 INFO  o.s.d.r.c.RepositoryConfigurationDelegate - Bootstrapping Spring Data JPA repositories in DEFAULT mode.
 2026-05-03 22:53:46 INFO  o.s.d.r.c.RepositoryConfigurationDelegate - Finished Spring Data repository scanning in 99 ms. Found 7 JPA repository interfaces.
 2026-05-03 22:53:47 INFO  o.s.b.w.e.tomcat.TomcatWebServer - Tomcat initialized with port 8080 (http)
 2026-05-03 22:53:47 INFO  o.s.b.w.s.c.ServletWebServerApplicationContext - Root WebApplicationContext: initialization completed in 2246 ms
 2026-05-03 22:53:48 INFO  org.flywaydb.core.FlywayExecutor - Database: jdbc:mysql://localhost:3306/schoolapp9csrpro?useSSL=true&serverTimezone=UTC (MySQL 8.0)
 2026-05-03 22:53:48 INFO  o.f.core.internal.command.DbValidate - Successfully validated 4 migrations (execution time 00:00.047s)
 2026-05-03 22:53:48 INFO  o.f.core.internal.command.DbMigrate - Current version of schema `schoolapp9csrpro`: 4
 2026-05-03 22:53:48 INFO  o.f.core.internal.command.DbMigrate - Schema `schoolapp9csrpro` is up to date. No migration necessary.
 2026-05-03 22:53:49 INFO  org.hibernate.Version - HHH000412: Hibernate ORM core version 6.6.44.Final
 2026-05-03 22:53:49 INFO  o.h.c.i.RegionFactoryInitiator - HHH000026: Second-level cache disabled
 2026-05-03 22:53:49 INFO  o.s.o.j.p.SpringPersistenceUnitInfo - No LoadTimeWeaver setup: ignoring JPA class transformer
 2026-05-03 22:53:49 INFO  o.hibernate.orm.connections.pooling - HHH10001005: Database info:
	Database JDBC URL [Connecting through datasource 'HikariDataSource (HikariPool-1)']
	Database driver: undefined/unknown
	Database version: 8.0.44
	Autocommit mode: undefined/unknown
	Isolation level: undefined/unknown
	Minimum pool size: undefined/unknown
	Maximum pool size: undefined/unknown
 2026-05-03 22:53:51 INFO  o.h.e.t.j.p.i.JtaPlatformInitiator - HHH000489: No JTA platform available (set 'hibernate.transaction.jta.platform' to enable JTA platform integration)
 2026-05-03 22:53:51 INFO  o.s.o.j.LocalContainerEntityManagerFactoryBean - Initialized JPA EntityManagerFactory for persistence unit 'default'
 2026-05-03 22:53:52 INFO  o.s.s.c.a.a.c.InitializeAuthenticationProviderBeanManagerConfigurer$InitializeAuthenticationProviderManagerConfigurer - Global AuthenticationManager configured with AuthenticationProvider bean with name authenticationProvider
 2026-05-03 22:53:52 WARN  o.s.s.c.a.a.c.InitializeUserDetailsBeanManagerConfigurer$InitializeUserDetailsManagerConfigurer - Global AuthenticationManager configured with an AuthenticationProvider bean. UserDetailsService beans will not be used by Spring Security for automatically configuring username/password login. Consider removing the AuthenticationProvider bean. Alternatively, consider using the UserDetailsService in a manually instantiated DaoAuthenticationProvider. If the current configuration is intentional, to turn off this warning, increase the logging level of 'org.springframework.security.config.annotation.authentication.configuration.InitializeUserDetailsBeanManagerConfigurer' to ERROR
 2026-05-03 22:53:53 INFO  o.s.b.w.e.tomcat.TomcatWebServer - Tomcat started on port 8080 (http) with context path '/'
 2026-05-03 22:53:53 INFO  gr.aueb.cf.eduapp.EduAppApplication - Started EduAppApplication in 8.539 seconds (process running for 9.002)
 2026-05-03 22:54:23 INFO  o.s.web.servlet.DispatcherServlet - Initializing Servlet 'dispatcherServlet'
 2026-05-03 22:54:23 INFO  o.s.web.servlet.DispatcherServlet - Completed initialization in 4 ms
 2026-05-03 22:54:24 WARN  g.a.c.e.s.CustomAccessDeniedHandler - Access denied for user to request=/api/v1/users/d9af5f73-0a73-48f6-a6db-98678b882eac with message=Access Denied
 2026-05-03 22:54:59 WARN  g.a.c.e.s.CustomAccessDeniedHandler - Access denied for user to request=/api/v1/users/d9af5f73-0a73-48f6-a6db-98678b882eac with message=Access Denied
 2026-05-03 22:55:00 WARN  g.a.c.e.s.CustomAccessDeniedHandler - Access denied for user to request=/api/v1/users/d9af5f73-0a73-48f6-a6db-98678b882eac with message=Access Denied
 2026-05-03 22:55:12 WARN  g.a.c.e.s.CustomAccessDeniedHandler - Access denied for user to request=/api/v1/users/d9af5f73-0a73-48f6-a6db-98678b882eac with message=Access Denied
 2026-05-03 22:55:16 WARN  g.a.c.e.s.CustomAuthenticationEntryPoint - User not authenticated, with message=Full authentication is required to access this resource
 2026-05-03 22:55:19 WARN  g.a.c.e.s.CustomAccessDeniedHandler - Access denied for user to request=/api/v1/users/d9af5f73-0a73-48f6-a6db-98678b882eac with message=Access Denied
 2026-05-03 22:56:10 INFO  o.h.validator.internal.util.Version - HV000001: Hibernate Validator 8.0.3.Final
 2026-05-03 22:56:10 INFO  gr.aueb.cf.eduapp.EduAppApplication - Starting EduAppApplication using Java 21.0.10 with PID 32152 (C:\Users\CyberPirate\Desktop\edu9-rest-app-pro\build\classes\java\main started by CyberPirate in C:\Users\CyberPirate\Desktop\edu9-rest-app-pro)
 2026-05-03 22:56:10 INFO  gr.aueb.cf.eduapp.EduAppApplication - The following 1 profile is active: "dev"
 2026-05-03 22:56:11 INFO  o.s.d.r.c.RepositoryConfigurationDelegate - Bootstrapping Spring Data JPA repositories in DEFAULT mode.
 2026-05-03 22:56:11 INFO  o.s.d.r.c.RepositoryConfigurationDelegate - Finished Spring Data repository scanning in 84 ms. Found 7 JPA repository interfaces.
 2026-05-03 22:56:12 INFO  o.s.b.w.e.tomcat.TomcatWebServer - Tomcat initialized with port 8080 (http)
 2026-05-03 22:56:12 INFO  o.s.b.w.s.c.ServletWebServerApplicationContext - Root WebApplicationContext: initialization completed in 2179 ms
 2026-05-03 22:56:13 INFO  org.flywaydb.core.FlywayExecutor - Database: jdbc:mysql://localhost:3306/schoolapp9csrpro?useSSL=true&serverTimezone=UTC (MySQL 8.0)
 2026-05-03 22:56:13 INFO  o.f.core.internal.command.DbValidate - Successfully validated 4 migrations (execution time 00:00.055s)
 2026-05-03 22:56:13 INFO  o.f.core.internal.command.DbMigrate - Current version of schema `schoolapp9csrpro`: 4
 2026-05-03 22:56:13 INFO  o.f.core.internal.command.DbMigrate - Schema `schoolapp9csrpro` is up to date. No migration necessary.
 2026-05-03 22:56:13 INFO  org.hibernate.Version - HHH000412: Hibernate ORM core version 6.6.44.Final
 2026-05-03 22:56:13 INFO  o.h.c.i.RegionFactoryInitiator - HHH000026: Second-level cache disabled
 2026-05-03 22:56:14 INFO  o.s.o.j.p.SpringPersistenceUnitInfo - No LoadTimeWeaver setup: ignoring JPA class transformer
 2026-05-03 22:56:14 INFO  o.hibernate.orm.connections.pooling - HHH10001005: Database info:
	Database JDBC URL [Connecting through datasource 'HikariDataSource (HikariPool-1)']
	Database driver: undefined/unknown
	Database version: 8.0.44
	Autocommit mode: undefined/unknown
	Isolation level: undefined/unknown
	Minimum pool size: undefined/unknown
	Maximum pool size: undefined/unknown
 2026-05-03 22:56:15 INFO  o.h.e.t.j.p.i.JtaPlatformInitiator - HHH000489: No JTA platform available (set 'hibernate.transaction.jta.platform' to enable JTA platform integration)
 2026-05-03 22:56:16 INFO  o.s.o.j.LocalContainerEntityManagerFactoryBean - Initialized JPA EntityManagerFactory for persistence unit 'default'
 2026-05-03 22:56:16 INFO  o.s.s.c.a.a.c.InitializeAuthenticationProviderBeanManagerConfigurer$InitializeAuthenticationProviderManagerConfigurer - Global AuthenticationManager configured with AuthenticationProvider bean with name authenticationProvider
 2026-05-03 22:56:16 WARN  o.s.s.c.a.a.c.InitializeUserDetailsBeanManagerConfigurer$InitializeUserDetailsManagerConfigurer - Global AuthenticationManager configured with an AuthenticationProvider bean. UserDetailsService beans will not be used by Spring Security for automatically configuring username/password login. Consider removing the AuthenticationProvider bean. Alternatively, consider using the UserDetailsService in a manually instantiated DaoAuthenticationProvider. If the current configuration is intentional, to turn off this warning, increase the logging level of 'org.springframework.security.config.annotation.authentication.configuration.InitializeUserDetailsBeanManagerConfigurer' to ERROR
 2026-05-03 22:56:17 INFO  o.s.b.w.e.tomcat.TomcatWebServer - Tomcat started on port 8080 (http) with context path '/'
 2026-05-03 22:56:17 INFO  gr.aueb.cf.eduapp.EduAppApplication - Started EduAppApplication in 8.332 seconds (process running for 8.665)
 2026-05-03 22:56:24 INFO  o.s.web.servlet.DispatcherServlet - Initializing Servlet 'dispatcherServlet'
 2026-05-03 22:56:24 INFO  o.s.web.servlet.DispatcherServlet - Completed initialization in 2 ms
 2026-05-03 22:56:25 WARN  g.a.c.e.core.exeption.ErrorHandler - Access denied. Message=Access Denied
 2026-05-03 22:56:27 WARN  g.a.c.e.core.exeption.ErrorHandler - Access denied. Message=Access Denied
 2026-05-03 22:57:06 INFO  o.h.validator.internal.util.Version - HV000001: Hibernate Validator 8.0.3.Final
 2026-05-03 22:57:06 INFO  gr.aueb.cf.eduapp.EduAppApplication - Starting EduAppApplication using Java 21.0.10 with PID 22072 (C:\Users\CyberPirate\Desktop\edu9-rest-app-pro\build\classes\java\main started by CyberPirate in C:\Users\CyberPirate\Desktop\edu9-rest-app-pro)
 2026-05-03 22:57:06 INFO  gr.aueb.cf.eduapp.EduAppApplication - The following 1 profile is active: "dev"
 2026-05-03 22:57:07 INFO  o.s.d.r.c.RepositoryConfigurationDelegate - Bootstrapping Spring Data JPA repositories in DEFAULT mode.
 2026-05-03 22:57:07 INFO  o.s.d.r.c.RepositoryConfigurationDelegate - Finished Spring Data repository scanning in 97 ms. Found 7 JPA repository interfaces.
 2026-05-03 22:57:08 INFO  o.s.b.w.e.tomcat.TomcatWebServer - Tomcat initialized with port 8080 (http)
 2026-05-03 22:57:10 INFO  o.s.b.w.s.c.ServletWebServerApplicationContext - Root WebApplicationContext: initialization completed in 3803 ms
 2026-05-03 22:57:11 INFO  org.flywaydb.core.FlywayExecutor - Database: jdbc:mysql://localhost:3306/schoolapp9csrpro?useSSL=true&serverTimezone=UTC (MySQL 8.0)
 2026-05-03 22:57:11 INFO  o.f.core.internal.command.DbValidate - Successfully validated 4 migrations (execution time 00:00.089s)
 2026-05-03 22:57:11 INFO  o.f.core.internal.command.DbMigrate - Current version of schema `schoolapp9csrpro`: 4
 2026-05-03 22:57:11 INFO  o.f.core.internal.command.DbMigrate - Schema `schoolapp9csrpro` is up to date. No migration necessary.
 2026-05-03 22:57:11 INFO  org.hibernate.Version - HHH000412: Hibernate ORM core version 6.6.44.Final
 2026-05-03 22:57:11 INFO  o.h.c.i.RegionFactoryInitiator - HHH000026: Second-level cache disabled
 2026-05-03 22:57:12 INFO  o.s.o.j.p.SpringPersistenceUnitInfo - No LoadTimeWeaver setup: ignoring JPA class transformer
 2026-05-03 22:57:12 INFO  o.hibernate.orm.connections.pooling - HHH10001005: Database info:
	Database JDBC URL [Connecting through datasource 'HikariDataSource (HikariPool-1)']
	Database driver: undefined/unknown
	Database version: 8.0.44
	Autocommit mode: undefined/unknown
	Isolation level: undefined/unknown
	Minimum pool size: undefined/unknown
	Maximum pool size: undefined/unknown
 2026-05-03 22:57:14 INFO  o.h.e.t.j.p.i.JtaPlatformInitiator - HHH000489: No JTA platform available (set 'hibernate.transaction.jta.platform' to enable JTA platform integration)
 2026-05-03 22:57:14 INFO  o.s.o.j.LocalContainerEntityManagerFactoryBean - Initialized JPA EntityManagerFactory for persistence unit 'default'
 2026-05-03 22:57:15 INFO  o.s.s.c.a.a.c.InitializeAuthenticationProviderBeanManagerConfigurer$InitializeAuthenticationProviderManagerConfigurer - Global AuthenticationManager configured with AuthenticationProvider bean with name authenticationProvider
 2026-05-03 22:57:15 WARN  o.s.s.c.a.a.c.InitializeUserDetailsBeanManagerConfigurer$InitializeUserDetailsManagerConfigurer - Global AuthenticationManager configured with an AuthenticationProvider bean. UserDetailsService beans will not be used by Spring Security for automatically configuring username/password login. Consider removing the AuthenticationProvider bean. Alternatively, consider using the UserDetailsService in a manually instantiated DaoAuthenticationProvider. If the current configuration is intentional, to turn off this warning, increase the logging level of 'org.springframework.security.config.annotation.authentication.configuration.InitializeUserDetailsBeanManagerConfigurer' to ERROR
 2026-05-03 22:57:17 INFO  o.s.b.w.e.tomcat.TomcatWebServer - Tomcat started on port 8080 (http) with context path '/'
 2026-05-03 22:57:17 INFO  gr.aueb.cf.eduapp.EduAppApplication - Started EduAppApplication in 11.881 seconds (process running for 12.379)
 2026-05-03 22:57:17 INFO  o.s.web.servlet.DispatcherServlet - Initializing Servlet 'dispatcherServlet'
 2026-05-03 22:57:17 INFO  o.s.web.servlet.DispatcherServlet - Completed initialization in 3 ms
 