2026-05-12 19:48:24 WARN  g.a.c.e.s.CustomAuthenticationEntryPoint - User not authenticated, with message=Full authentication is required to access this resource
 2026-05-12 19:49:20 INFO  o.h.validator.internal.util.Version - HV000001: Hibernate Validator 8.0.3.Final
 2026-05-12 19:49:20 INFO  gr.aueb.cf.eduapp.EduAppApplication - Starting EduAppApplication using Java 21.0.10 with PID 15676 (C:\Users\CyberPirate\Desktop\edu9-rest-app-pro\build\classes\java\main started by CyberPirate in C:\Users\CyberPirate\Desktop\edu9-rest-app-pro)
 2026-05-12 19:49:20 INFO  gr.aueb.cf.eduapp.EduAppApplication - The following 1 profile is active: "dev"
 2026-05-12 19:49:21 INFO  o.s.d.r.c.RepositoryConfigurationDelegate - Bootstrapping Spring Data JPA repositories in DEFAULT mode.
 2026-05-12 19:49:21 INFO  o.s.d.r.c.RepositoryConfigurationDelegate - Finished Spring Data repository scanning in 81 ms. Found 7 JPA repository interfaces.
 2026-05-12 19:49:22 INFO  o.s.b.w.e.tomcat.TomcatWebServer - Tomcat initialized with port 8080 (http)
 2026-05-12 19:49:23 INFO  o.s.b.w.s.c.ServletWebServerApplicationContext - Root WebApplicationContext: initialization completed in 2404 ms
 2026-05-12 19:49:24 INFO  org.flywaydb.core.FlywayExecutor - Database: jdbc:mysql://localhost:3306/schoolapp9csrpro?useSSL=true&serverTimezone=UTC (MySQL 8.0)
 2026-05-12 19:49:24 INFO  o.f.core.internal.command.DbValidate - Successfully validated 4 migrations (execution time 00:00.098s)
 2026-05-12 19:49:24 INFO  o.f.core.internal.command.DbMigrate - Current version of schema `schoolapp9csrpro`: 4
 2026-05-12 19:49:24 INFO  o.f.core.internal.command.DbMigrate - Schema `schoolapp9csrpro` is up to date. No migration necessary.
 2026-05-12 19:49:25 INFO  org.hibernate.Version - HHH000412: Hibernate ORM core version 6.6.44.Final
 2026-05-12 19:49:25 INFO  o.h.c.i.RegionFactoryInitiator - HHH000026: Second-level cache disabled
 2026-05-12 19:49:26 INFO  o.s.o.j.p.SpringPersistenceUnitInfo - No LoadTimeWeaver setup: ignoring JPA class transformer
 2026-05-12 19:49:26 INFO  o.hibernate.orm.connections.pooling - HHH10001005: Database info:
	Database JDBC URL [Connecting through datasource 'HikariDataSource (HikariPool-1)']
	Database driver: undefined/unknown
	Database version: 8.0.44
	Autocommit mode: undefined/unknown
	Isolation level: undefined/unknown
	Minimum pool size: undefined/unknown
	Maximum pool size: undefined/unknown
 2026-05-12 19:49:29 INFO  o.h.e.t.j.p.i.JtaPlatformInitiator - HHH000489: No JTA platform available (set 'hibernate.transaction.jta.platform' to enable JTA platform integration)
 2026-05-12 19:49:29 INFO  o.s.o.j.LocalContainerEntityManagerFactoryBean - Initialized JPA EntityManagerFactory for persistence unit 'default'
 2026-05-12 19:49:30 INFO  o.s.s.c.a.a.c.InitializeAuthenticationProviderBeanManagerConfigurer$InitializeAuthenticationProviderManagerConfigurer - Global AuthenticationManager configured with AuthenticationProvider bean with name authenticationProvider
 2026-05-12 19:49:30 WARN  o.s.s.c.a.a.c.InitializeUserDetailsBeanManagerConfigurer$InitializeUserDetailsManagerConfigurer - Global AuthenticationManager configured with an AuthenticationProvider bean. UserDetailsService beans will not be used by Spring Security for automatically configuring username/password login. Consider removing the AuthenticationProvider bean. Alternatively, consider using the UserDetailsService in a manually instantiated DaoAuthenticationProvider. If the current configuration is intentional, to turn off this warning, increase the logging level of 'org.springframework.security.config.annotation.authentication.configuration.InitializeUserDetailsBeanManagerConfigurer' to ERROR
 2026-05-12 19:49:31 INFO  o.s.b.w.e.tomcat.TomcatWebServer - Tomcat started on port 8080 (http) with context path '/'
 2026-05-12 19:49:32 INFO  gr.aueb.cf.eduapp.EduAppApplication - Started EduAppApplication in 12.153 seconds (process running for 12.54)
 2026-05-12 19:49:33 INFO  o.s.web.servlet.DispatcherServlet - Initializing Servlet 'dispatcherServlet'
 2026-05-12 19:49:33 INFO  o.s.web.servlet.DispatcherServlet - Completed initialization in 2 ms
 2026-05-12 19:50:35 WARN  g.a.c.e.s.CustomAuthenticationEntryPoint - User not authenticated, with message=Full authentication is required to access this resource
 2026-05-12 19:51:34 WARN  g.a.c.e.s.CustomAccessDeniedHandler - Access denied for user to request=/api/v1/users/d9af5f73-0a73-48f6-a6db-98678b882eac with message=Access Denied
 2026-05-12 20:01:13 INFO  o.h.validator.internal.util.Version - HV000001: Hibernate Validator 8.0.3.Final
 2026-05-12 20:01:13 INFO  gr.aueb.cf.eduapp.EduAppApplication - Starting EduAppApplication using Java 21.0.10 with PID 21976 (C:\Users\CyberPirate\Desktop\edu9-rest-app-pro\build\classes\java\main started by CyberPirate in C:\Users\CyberPirate\Desktop\edu9-rest-app-pro)
 2026-05-12 20:01:13 INFO  gr.aueb.cf.eduapp.EduAppApplication - The following 1 profile is active: "dev"
 2026-05-12 20:01:13 INFO  o.s.d.r.c.RepositoryConfigurationDelegate - Bootstrapping Spring Data JPA repositories in DEFAULT mode.
 2026-05-12 20:01:13 INFO  o.s.d.r.c.RepositoryConfigurationDelegate - Finished Spring Data repository scanning in 38 ms. Found 7 JPA repository interfaces.
 2026-05-12 20:01:14 INFO  o.s.b.w.e.tomcat.TomcatWebServer - Tomcat initialized with port 8080 (http)
 2026-05-12 20:01:14 INFO  o.s.b.w.s.c.ServletWebServerApplicationContext - Root WebApplicationContext: initialization completed in 1523 ms
 2026-05-12 20:01:15 INFO  org.flywaydb.core.FlywayExecutor - Database: jdbc:mysql://localhost:3306/schoolapp9csrpro?useSSL=true&serverTimezone=UTC (MySQL 8.0)
 2026-05-12 20:01:15 INFO  o.f.core.internal.command.DbValidate - Successfully validated 4 migrations (execution time 00:00.044s)
 2026-05-12 20:01:15 INFO  o.f.core.internal.command.DbMigrate - Current version of schema `schoolapp9csrpro`: 4
 2026-05-12 20:01:15 INFO  o.f.core.internal.command.DbMigrate - Schema `schoolapp9csrpro` is up to date. No migration necessary.
 2026-05-12 20:01:15 INFO  org.hibernate.Version - HHH000412: Hibernate ORM core version 6.6.44.Final
 2026-05-12 20:01:15 INFO  o.h.c.i.RegionFactoryInitiator - HHH000026: Second-level cache disabled
 2026-05-12 20:01:15 INFO  o.s.o.j.p.SpringPersistenceUnitInfo - No LoadTimeWeaver setup: ignoring JPA class transformer
 2026-05-12 20:01:16 INFO  o.hibernate.orm.connections.pooling - HHH10001005: Database info:
	Database JDBC URL [Connecting through datasource 'HikariDataSource (HikariPool-1)']
	Database driver: undefined/unknown
	Database version: 8.0.44
	Autocommit mode: undefined/unknown
	Isolation level: undefined/unknown
	Minimum pool size: undefined/unknown
	Maximum pool size: undefined/unknown
 2026-05-12 20:01:17 INFO  o.h.e.t.j.p.i.JtaPlatformInitiator - HHH000489: No JTA platform available (set 'hibernate.transaction.jta.platform' to enable JTA platform integration)
 2026-05-12 20:01:17 INFO  o.s.o.j.LocalContainerEntityManagerFactoryBean - Initialized JPA EntityManagerFactory for persistence unit 'default'
 2026-05-12 20:01:18 INFO  o.s.s.c.a.a.c.InitializeAuthenticationProviderBeanManagerConfigurer$InitializeAuthenticationProviderManagerConfigurer - Global AuthenticationManager configured with AuthenticationProvider bean with name authenticationProvider
 2026-05-12 20:01:18 WARN  o.s.s.c.a.a.c.InitializeUserDetailsBeanManagerConfigurer$InitializeUserDetailsManagerConfigurer - Global AuthenticationManager configured with an AuthenticationProvider bean. UserDetailsService beans will not be used by Spring Security for automatically configuring username/password login. Consider removing the AuthenticationProvider bean. Alternatively, consider using the UserDetailsService in a manually instantiated DaoAuthenticationProvider. If the current configuration is intentional, to turn off this warning, increase the logging level of 'org.springframework.security.config.annotation.authentication.configuration.InitializeUserDetailsBeanManagerConfigurer' to ERROR
 2026-05-12 20:01:19 INFO  o.s.b.w.e.tomcat.TomcatWebServer - Tomcat started on port 8080 (http) with context path '/'
 2026-05-12 20:01:19 INFO  gr.aueb.cf.eduapp.EduAppApplication - Started EduAppApplication in 6.932 seconds (process running for 7.278)
 2026-05-12 20:01:45 INFO  o.s.web.servlet.DispatcherServlet - Initializing Servlet 'dispatcherServlet'
 2026-05-12 20:01:45 INFO  o.s.web.servlet.DispatcherServlet - Completed initialization in 3 ms
 2026-05-12 20:02:29 WARN  g.a.c.e.s.CustomAccessDeniedHandler - Access denied for user to request=/api/v1/users/d9af5f73-0a73-48f6-a6db-98678b882eac with message=Access Denied
 2026-05-12 20:02:30 WARN  g.a.c.e.s.CustomAccessDeniedHandler - Access denied for user to request=/api/v1/users/d9af5f73-0a73-48f6-a6db-98678b882eac with message=Access Denied
 2026-05-12 20:09:42 WARN  g.a.c.e.s.CustomAccessDeniedHandler - Access denied for user to request=/api/v1/users/d9af5f73-0a73-48f6-a6db-98678b882eac with message=Access Denied
 2026-05-12 20:10:12 WARN  g.a.c.e.s.CustomAccessDeniedHandler - Access denied for user to request=/api/v1/users/d9af5f73-0a73-48f6-a6db-98678b882eac with message=Access Denied
 2026-05-12 20:16:02 WARN  g.a.c.e.s.CustomAccessDeniedHandler - Access denied for user to request=/api/v1/users/074b3758-7d48-4441-a1cc-20b1978fe8db with message=Access Denied
 2026-05-12 20:16:05 WARN  g.a.c.e.s.CustomAccessDeniedHandler - Access denied for user to request=/api/v1/users/074b3758-7d48-4441-a1cc-20b1978fe8db with message=Access Denied
 2026-05-12 20:16:06 WARN  g.a.c.e.s.CustomAccessDeniedHandler - Access denied for user to request=/api/v1/users/074b3758-7d48-4441-a1cc-20b1978fe8db with message=Access Denied
 2026-05-12 20:16:42 WARN  g.a.c.e.s.CustomAccessDeniedHandler - Access denied for user to request=/api/v1/users/074b3758-7d48-4441-a1cc-20b1978fe8db with message=Access Denied
 2026-05-12 20:16:45 WARN  g.a.c.e.s.CustomAccessDeniedHandler - Access denied for user to request=/api/v1/users/074b3758-7d48-4441-a1cc-20b1978fe8db with message=Access Denied
 2026-05-12 20:17:28 WARN  g.a.c.e.s.CustomAccessDeniedHandler - Access denied for user to request=/api/v1/users/074b3758-7d48-4441-a1cc-20b1978fe8db with message=Access Denied
 2026-05-12 20:17:29 WARN  g.a.c.e.s.CustomAccessDeniedHandler - Access denied for user to request=/api/v1/users/074b3758-7d48-4441-a1cc-20b1978fe8db with message=Access Denied
 2026-05-12 20:18:52 INFO  g.aueb.cf.eduapp.service.UserService - The user with username: testerUserApp is saved successfully
 2026-05-12 20:19:19 WARN  g.a.c.e.s.CustomAccessDeniedHandler - Access denied for user to request=/api/v1/users/24faf873-eedc-4c51-892a-4cf49537cc37 with message=Access Denied
 2026-05-12 20:21:36 WARN  g.a.c.e.s.CustomAuthenticationEntryPoint - User not authenticated, with message=Full authentication is required to access this resource
 2026-05-12 20:23:16 WARN  g.a.c.e.s.CustomAuthenticationEntryPoint - User not authenticated, with message=Full authentication is required to access this resource
 2026-05-12 20:23:37 WARN  g.a.c.e.s.CustomAuthenticationEntryPoint - User not authenticated, with message=Full authentication is required to access this resource
 