2026-04-26 13:58:53 INFO  com.zaxxer.hikari.HikariDataSource - HikariPool-1 - Starting...
2026-04-26 13:58:53 INFO  com.zaxxer.hikari.pool.HikariPool - HikariPool-1 - Added connection com.mysql.cj.jdbc.ConnectionImpl@7eae55
2026-04-26 13:58:53 INFO  com.zaxxer.hikari.HikariDataSource - HikariPool-1 - Start completed.
2026-04-26 13:58:55 INFO  com.zaxxer.hikari.HikariDataSource - HikariPool-1 - Shutdown initiated...
2026-04-26 13:58:55 INFO  com.zaxxer.hikari.HikariDataSource - HikariPool-1 - Shutdown completed.
2026-04-26 14:02:14 INFO  com.zaxxer.hikari.HikariDataSource - HikariPool-1 - Starting...
2026-04-26 14:02:14 INFO  com.zaxxer.hikari.pool.HikariPool - HikariPool-1 - Added connection com.mysql.cj.jdbc.ConnectionImpl@70f4abc1
2026-04-26 14:02:14 INFO  com.zaxxer.hikari.HikariDataSource - HikariPool-1 - Start completed.
2026-04-26 14:02:19 INFO  com.zaxxer.hikari.HikariDataSource - HikariPool-1 - Shutdown initiated...
2026-04-26 14:02:19 INFO  com.zaxxer.hikari.HikariDataSource - HikariPool-1 - Shutdown completed.
2026-04-26 14:04:58 INFO  com.zaxxer.hikari.HikariDataSource - HikariPool-1 - Starting...
2026-04-26 14:04:59 INFO  com.zaxxer.hikari.pool.HikariPool - HikariPool-1 - Added connection com.mysql.cj.jdbc.ConnectionImpl@1a0d313
2026-04-26 14:04:59 INFO  com.zaxxer.hikari.HikariDataSource - HikariPool-1 - Start completed.
2026-04-26 14:21:36 INFO  com.zaxxer.hikari.HikariDataSource - HikariPool-1 - Starting...
2026-04-26 14:21:36 INFO  com.zaxxer.hikari.pool.HikariPool - HikariPool-1 - Added connection com.mysql.cj.jdbc.ConnectionImpl@3ef0e576
2026-04-26 14:21:36 INFO  com.zaxxer.hikari.HikariDataSource - HikariPool-1 - Start completed.
2026-04-26 14:36:05 INFO  com.zaxxer.hikari.HikariDataSource - HikariPool-1 - Starting...
2026-04-26 14:36:05 INFO  com.zaxxer.hikari.pool.HikariPool - HikariPool-1 - Added connection com.mysql.cj.jdbc.ConnectionImpl@2bf3ec4
2026-04-26 14:36:05 INFO  com.zaxxer.hikari.HikariDataSource - HikariPool-1 - Start completed.
2026-04-26 14:40:24 WARN  com.zaxxer.hikari.pool.HikariPool - HikariPool-1 - Thread starvation or clock leap detected (housekeeper delta=2m48s526ms814µs800ns).
2026-04-26 14:52:58 WARN  com.zaxxer.hikari.pool.HikariPool - HikariPool-1 - Thread starvation or clock leap detected (housekeeper delta=1m33s668ms30µs100ns).
2026-04-26 15:32:56 WARN  com.zaxxer.hikari.pool.HikariPool - HikariPool-1 - Thread starvation or clock leap detected (housekeeper delta=1m27s65ms591µs700ns).
2026-04-26 15:57:24 WARN  com.zaxxer.hikari.pool.HikariPool - HikariPool-1 - Thread starvation or clock leap detected (housekeeper delta=5m57s732ms762µs800ns).
2026-04-26 16:26:57 WARN  com.zaxxer.hikari.pool.HikariPool - HikariPool-1 - Thread starvation or clock leap detected (housekeeper delta=4m33s88ms990µs200ns).
2026-04-26 18:31:37 WARN  com.zaxxer.hikari.pool.HikariPool - HikariPool-1 - Thread starvation or clock leap detected (housekeeper delta=2h1m39s611ms871µs500ns).
